Archive member included because of file (symbol)

/opt/altera/nios2eds/bin/gnu/H-i686-pc-linux-gnu/bin/../lib/gcc/nios2-elf/4.1.2/mno-hw-mul/libgcc.a(lib2-divmod.o)
                              obj/default/producer_consumer.o (__modsi3)
/opt/altera/nios2eds/bin/gnu/H-i686-pc-linux-gnu/bin/../lib/gcc/nios2-elf/4.1.2/../../../../nios2-elf/lib/mno-hw-mul/libc.a(lib_a-exit.o)
                              obj/default/alt_ucosii_simple_error_check.o (exit)
/opt/altera/nios2eds/bin/gnu/H-i686-pc-linux-gnu/bin/../lib/gcc/nios2-elf/4.1.2/../../../../nios2-elf/lib/mno-hw-mul/libc.a(lib_a-fprintf.o)
                              obj/default/alt_ucosii_simple_error_check.o (fprintf)
/opt/altera/nios2eds/bin/gnu/H-i686-pc-linux-gnu/bin/../lib/gcc/nios2-elf/4.1.2/../../../../nios2-elf/lib/mno-hw-mul/libc.a(lib_a-fwrite.o)
                              obj/default/alt_ucosii_simple_error_check.o (fwrite)
/opt/altera/nios2eds/bin/gnu/H-i686-pc-linux-gnu/bin/../lib/gcc/nios2-elf/4.1.2/../../../../nios2-elf/lib/mno-hw-mul/libc.a(lib_a-impure.o)
                              obj/default/alt_ucosii_simple_error_check.o (_impure_ptr)
/opt/altera/nios2eds/bin/gnu/H-i686-pc-linux-gnu/bin/../lib/gcc/nios2-elf/4.1.2/../../../../nios2-elf/lib/mno-hw-mul/libc.a(lib_a-printf.o)
                              obj/default/producer_consumer.o (printf)
/opt/altera/nios2eds/bin/gnu/H-i686-pc-linux-gnu/bin/../lib/gcc/nios2-elf/4.1.2/../../../../nios2-elf/lib/mno-hw-mul/libc.a(lib_a-puts.o)
                              obj/default/alt_ucosii_simple_error_check.o (puts)
/opt/altera/nios2eds/bin/gnu/H-i686-pc-linux-gnu/bin/../lib/gcc/nios2-elf/4.1.2/../../../../nios2-elf/lib/mno-hw-mul/libc.a(lib_a-strlen.o)
                              /opt/altera/nios2eds/bin/gnu/H-i686-pc-linux-gnu/bin/../lib/gcc/nios2-elf/4.1.2/../../../../nios2-elf/lib/mno-hw-mul/libc.a(lib_a-puts.o) (strlen)
/opt/altera/nios2eds/bin/gnu/H-i686-pc-linux-gnu/bin/../lib/gcc/nios2-elf/4.1.2/../../../../nios2-elf/lib/mno-hw-mul/libc.a(lib_a-vfprintf.o)
                              /opt/altera/nios2eds/bin/gnu/H-i686-pc-linux-gnu/bin/../lib/gcc/nios2-elf/4.1.2/../../../../nios2-elf/lib/mno-hw-mul/libc.a(lib_a-printf.o) (___vfprintf_internal_r)
/opt/altera/nios2eds/bin/gnu/H-i686-pc-linux-gnu/bin/../lib/gcc/nios2-elf/4.1.2/../../../../nios2-elf/lib/mno-hw-mul/libc.a(lib_a-wsetup.o)
                              /opt/altera/nios2eds/bin/gnu/H-i686-pc-linux-gnu/bin/../lib/gcc/nios2-elf/4.1.2/../../../../nios2-elf/lib/mno-hw-mul/libc.a(lib_a-vfprintf.o) (__swsetup_r)
/opt/altera/nios2eds/bin/gnu/H-i686-pc-linux-gnu/bin/../lib/gcc/nios2-elf/4.1.2/../../../../nios2-elf/lib/mno-hw-mul/libc.a(lib_a-__call_atexit.o)
                              /opt/altera/nios2eds/bin/gnu/H-i686-pc-linux-gnu/bin/../lib/gcc/nios2-elf/4.1.2/../../../../nios2-elf/lib/mno-hw-mul/libc.a(lib_a-exit.o) (__call_exitprocs)
/opt/altera/nios2eds/bin/gnu/H-i686-pc-linux-gnu/bin/../lib/gcc/nios2-elf/4.1.2/../../../../nios2-elf/lib/mno-hw-mul/libc.a(lib_a-dtoa.o)
                              /opt/altera/nios2eds/bin/gnu/H-i686-pc-linux-gnu/bin/../lib/gcc/nios2-elf/4.1.2/../../../../nios2-elf/lib/mno-hw-mul/libc.a(lib_a-vfprintf.o) (_dtoa_r)
/opt/altera/nios2eds/bin/gnu/H-i686-pc-linux-gnu/bin/../lib/gcc/nios2-elf/4.1.2/../../../../nios2-elf/lib/mno-hw-mul/libc.a(lib_a-fflush.o)
                              /opt/altera/nios2eds/bin/gnu/H-i686-pc-linux-gnu/bin/../lib/gcc/nios2-elf/4.1.2/../../../../nios2-elf/lib/mno-hw-mul/libc.a(lib_a-vfprintf.o) (_fflush_r)
/opt/altera/nios2eds/bin/gnu/H-i686-pc-linux-gnu/bin/../lib/gcc/nios2-elf/4.1.2/../../../../nios2-elf/lib/mno-hw-mul/libc.a(lib_a-findfp.o)
                              /opt/altera/nios2eds/bin/gnu/H-i686-pc-linux-gnu/bin/../lib/gcc/nios2-elf/4.1.2/../../../../nios2-elf/lib/mno-hw-mul/libc.a(lib_a-fwrite.o) (__sinit)
/opt/altera/nios2eds/bin/gnu/H-i686-pc-linux-gnu/bin/../lib/gcc/nios2-elf/4.1.2/../../../../nios2-elf/lib/mno-hw-mul/libc.a(lib_a-freer.o)
                              /opt/altera/nios2eds/bin/gnu/H-i686-pc-linux-gnu/bin/../lib/gcc/nios2-elf/4.1.2/../../../../nios2-elf/lib/mno-hw-mul/libc.a(lib_a-wsetup.o) (_free_r)
/opt/altera/nios2eds/bin/gnu/H-i686-pc-linux-gnu/bin/../lib/gcc/nios2-elf/4.1.2/../../../../nios2-elf/lib/mno-hw-mul/libc.a(lib_a-fvwrite.o)
                              /opt/altera/nios2eds/bin/gnu/H-i686-pc-linux-gnu/bin/../lib/gcc/nios2-elf/4.1.2/../../../../nios2-elf/lib/mno-hw-mul/libc.a(lib_a-fwrite.o) (__sfvwrite_r)
/opt/altera/nios2eds/bin/gnu/H-i686-pc-linux-gnu/bin/../lib/gcc/nios2-elf/4.1.2/../../../../nios2-elf/lib/mno-hw-mul/libc.a(lib_a-fwalk.o)
                              /opt/altera/nios2eds/bin/gnu/H-i686-pc-linux-gnu/bin/../lib/gcc/nios2-elf/4.1.2/../../../../nios2-elf/lib/mno-hw-mul/libc.a(lib_a-fflush.o) (_fwalk_reent)
/opt/altera/nios2eds/bin/gnu/H-i686-pc-linux-gnu/bin/../lib/gcc/nios2-elf/4.1.2/../../../../nios2-elf/lib/mno-hw-mul/libc.a(lib_a-locale.o)
[...]
Memory Configuration

Name             Origin             Length             Attributes
reset            0x00800000         0x00000020
sdram_0          0x00800020         0x007fffe0
onchip_memory2_0 0x01001000         0x00001000
*default*        0x00000000         0xffffffff

Linker script and memory map

LOAD ../de1_ucosii_tutorial_bsp//obj/HAL/src/crt0.o
LOAD obj/default/alt_ucosii_simple_error_check.o
LOAD obj/default/producer_consumer.o
LOAD /opt/altera/nios2eds/bin/gnu/H-i686-pc-linux-gnu/bin/../lib/gcc/nios2-elf/4.1.2/../../../../nios2-elf/lib/mno-hw-mul/libstdc++.a
LOAD /opt/altera/nios2eds/bin/gnu/H-i686-pc-linux-gnu/bin/../lib/gcc/nios2-elf/4.1.2/../../../../nios2-elf/lib/mno-hw-mul/libm.a
LOAD /opt/altera/nios2eds/bin/gnu/H-i686-pc-linux-gnu/bin/../lib/gcc/nios2-elf/4.1.2/mno-hw-mul/libgcc.a
START GROUP
LOAD /opt/altera/nios2eds/bin/gnu/H-i686-pc-linux-gnu/bin/../lib/gcc/nios2-elf/4.1.2/../../../../nios2-elf/lib/mno-hw-mul/libc.a
LOAD /opt/altera/nios2eds/bin/gnu/H-i686-pc-linux-gnu/bin/../lib/gcc/nios2-elf/4.1.2/mno-hw-mul/libgcc.a
LOAD ../de1_ucosii_tutorial_bsp//libucosii_bsp.a
END GROUP
LOAD /opt/altera/nios2eds/bin/gnu/H-i686-pc-linux-gnu/bin/../lib/gcc/nios2-elf/4.1.2/mno-hw-mul/libgcc.a
                0x00800000                __alt_mem_sdram_0 = 0x800000
                0x01001000                __alt_mem_onchip_memory2_0 = 0x1001000

.entry          0x00800000       0x20
 *(.entry)
 .entry         0x00800000       0x20 ../de1_ucosii_tutorial_bsp//obj/HAL/src/crt0.o
                0x00800000                __reset

.exceptions     0x00800020      0x19c
                0x00800020                PROVIDE (__ram_exceptions_start, ABSOLUTE (.))
                0x00800020                . = ALIGN (0x20)
 *(.irq)
 *(.exceptions.entry.label)
 .exceptions.entry.label
                0x00800020        0x0 ../de1_ucosii_tutorial_bsp//libucosii_bsp.a(alt_irq_entry.o)
                0x00800020                alt_irq_entry
 .exceptions.entry.label
                0x00800020        0x0 ../de1_ucosii_tutorial_bsp//libucosii_bsp.a(alt_exception_entry.o)
                0x00800020                alt_exception
 *(.exceptions.entry.user)
 *(.exceptions.entry)
 .exceptions.entry
                0x00800020       0x54 ../de1_ucosii_tutorial_bsp//libucosii_bsp.a(alt_exception_entry.o)
 *(.exceptions.irqtest.user)
 *(.exceptions.irqtest)
 .exceptions.irqtest
                0x00800074       0x10 ../de1_ucosii_tutorial_bsp//libucosii_bsp.a(alt_irq_entry.o)
 *(.exceptions.irqhandler.user)
 *(.exceptions.irqhandler)
 .exceptions.irqhandler
                0x00800084        0x4 ../de1_ucosii_tutorial_bsp//libucosii_bsp.a(alt_irq_entry.o)
 *(.exceptions.irqreturn.user)
 *(.exceptions.irqreturn)
 .exceptions.irqreturn
                0x00800088        0x4 ../de1_ucosii_tutorial_bsp//libucosii_bsp.a(alt_irq_entry.o)
 *(.exceptions.notirq.label)
 .exceptions.notirq.label
                0x0080008c        0x0 ../de1_ucosii_tutorial_bsp//libucosii_bsp.a(alt_irq_entry.o)
 *(.exceptions.notirq.user)
 *(.exceptions.notirq)
 .exceptions.notirq
                0x0080008c        0x8 ../de1_ucosii_tutorial_bsp//libucosii_bsp.a(alt_exception_entry.o)
 *(.exceptions.soft.user)
 *(.exceptions.soft)
 *(.exceptions.unknown.user)
 *(.exceptions.unknown)
 .exceptions.unknown
                0x00800094        0x4 ../de1_ucosii_tutorial_bsp//libucosii_bsp.a(alt_exception_entry.o)
 *(.exceptions.exit.label)
 .exceptions.exit.label
                0x00800098        0x0 ../de1_ucosii_tutorial_bsp//libucosii_bsp.a(alt_irq_entry.o)
 .exceptions.exit.label
                0x00800098        0x0 ../de1_ucosii_tutorial_bsp//libucosii_bsp.a(alt_exception_entry.o)
 *(.exceptions.exit.user)
 *(.exceptions.exit)
 .exceptions.exit
                0x00800098       0x54 ../de1_ucosii_tutorial_bsp//libucosii_bsp.a(alt_exception_entry.o)
 *(.exceptions)
 .exceptions    0x008000ec       0xd0 ../de1_ucosii_tutorial_bsp//libucosii_bsp.a(alt_irq_handler.o)
                0x008000ec                alt_irq_handler
                0x008001bc                PROVIDE (__ram_exceptions_end, ABSOLUTE (.))
                0x00800020                PROVIDE (__flash_exceptions_start, LOADADDR (.exceptions))

.text           0x008001bc    0x16544
                0x008001bc                PROVIDE (stext, ABSOLUTE (.))
 *(.interp)
 *(.hash)
 *(.dynsym)
 *(.dynstr)
 *(.gnu.version)
 *(.gnu.version_d)
 *(.gnu.version_r)
 *(.rel.init)
 *(.rela.init)
 *(.rel.text .rel.text.* .rel.gnu.linkonce.t.*)
 *(.rela.text .rela.text.* .rela.gnu.linkonce.t.*)
 *(.rel.fini)
 *(.rela.fini)
 *(.rel.rodata .rel.rodata.* .rel.gnu.linkonce.r.*)
 *(.rela.rodata .rela.rodata.* .rela.gnu.linkonce.r.*)
 *(.rel.data .rel.data.* .rel.gnu.linkonce.d.*)
 *(.rela.data .rela.data.* .rela.gnu.linkonce.d.*)
 *(.rel.tdata .rel.tdata.* .rel.gnu.linkonce.td.*)
 *(.rela.tdata .rela.tdata.* .rela.gnu.linkonce.td.*)
 *(.rel.tbss .rel.tbss.* .rel.gnu.linkonce.tb.*)
 *(.rela.tbss .rela.tbss.* .rela.gnu.linkonce.tb.*)
 *(.rel.ctors)
 *(.rela.ctors)
 *(.rel.dtors)
 *(.rela.dtors)
 *(.rel.got)
 *(.rela.got)
 *(.rel.sdata .rel.sdata.* .rel.gnu.linkonce.s.*)
 *(.rela.sdata .rela.sdata.* .rela.gnu.linkonce.s.*)
 *(.rel.sbss .rel.sbss.* .rel.gnu.linkonce.sb.*)
 *(.rela.sbss .rela.sbss.* .rela.gnu.linkonce.sb.*)
 *(.rel.sdata2 .rel.sdata2.* .rel.gnu.linkonce.s2.*)
 *(.rela.sdata2 .rela.sdata2.* .rela.gnu.linkonce.s2.*)
 *(.rel.sbss2 .rel.sbss2.* .rel.gnu.linkonce.sb2.*)
 *(.rela.sbss2 .rela.sbss2.* .rela.gnu.linkonce.sb2.*)
 *(.rel.bss .rel.bss.* .rel.gnu.linkonce.b.*)
 *(.rela.bss .rela.bss.* .rela.gnu.linkonce.b.*)
 *(.rel.plt)
 *(.rela.plt)
 *(.rel.dyn)
 *(.init)
 *(.plt)
 *(.text .stub .text.* .gnu.linkonce.t.*)
 .text          0x008001bc       0x3c ../de1_ucosii_tutorial_bsp//obj/HAL/src/crt0.o
                0x008001bc                _start
 .text          0x008001f8      0x4f0 obj/default/alt_ucosii_simple_error_check.o
                0x008001f8                alt_ucosii_check_return_code
                0x0080023c                alt_ucosii_simple_error_handler
 .text          0x008006e8      0xbf0 obj/default/producer_consumer.o
                0x008006e8                lightLEDs
                0x008009e0                incrementBCD
                0x00800c74                sevenSegEncoder
                0x00800d68                displayDigits
                0x00800f00                consumer
                0x00801068                producer
                0x00801218                main
 .text          0x008012d8      0x14c /opt/altera/nios2eds/bin/gnu/H-i686-pc-linux-gnu/bin/../lib/gcc/nios2-elf/4.1.2/mno-hw-mul/libgcc.a(lib2-divmod.o)
                0x00801354                __divsi3
                0x008013b4                __modsi3
                0x00801414                __udivsi3
                0x0080141c                __umodsi3
 .text          0x00801424       0x38 /opt/altera/nios2eds/bin/gnu/H-i686-pc-linux-gnu/bin/../lib/gcc/nios2-elf/4.1.2/../../../../nios2-elf/lib/mno-hw-mul/libc.a(lib_a-exit.o)
                0x00801424                exit
 .text          0x0080145c       0x60 /opt/altera/nios2eds/bin/gnu/H-i686-pc-linux-gnu/bin/../lib/gcc/nios2-elf/4.1.2/../../../../nios2-elf/lib/mno-hw-mul/libc.a(lib_a-fprintf.o)
                0x0080145c                fprintf
                0x00801488                _fprintf_r
 .text          0x008014bc       0xec /opt/altera/nios2eds/bin/gnu/H-i686-pc-linux-gnu/bin/../lib/gcc/nios2-elf/4.1.2/../../../../nios2-elf/lib/mno-hw-mul/libc.a(lib_a-fwrite.o)
                0x008014bc                _fwrite_r
                0x00801568                fwrite
 .text          0x008015a8        0x0 /opt/altera/nios2eds/bin/gnu/H-i686-pc-linux-gnu/bin/../lib/gcc/nios2-elf/4.1.2/../../../../nios2-elf/lib/mno-hw-mul/libc.a(lib_a-impure.o)
 .text          0x008015a8       0x78 /opt/altera/nios2eds/bin/gnu/H-i686-pc-linux-gnu/bin/../lib/gcc/nios2-elf/4.1.2/../../../../nios2-elf/lib/mno-hw-mul/libc.a(lib_a-printf.o)
                0x008015a8                printf
                0x008015ec                _printf_r
 .text          0x00801620       0xb4 /opt/altera/nios2eds/bin/gnu/H-i686-pc-linux-gnu/bin/../lib/gcc/nios2-elf/4.1.2/../../../../nios2-elf/lib/mno-hw-mul/libc.a(lib_a-puts.o)
                0x00801620                _puts_r
                0x008016c0                puts
 .text          0x008016d4       0x74 /opt/altera/nios2eds/bin/gnu/H-i686-pc-linux-gnu/bin/../lib/gcc/nios2-elf/4.1.2/../../../../nios2-elf/lib/mno-hw-mul/libc.a(lib_a-strlen.o)
                0x008016d4                strlen
 .text          0x00801748     0x1f40 /opt/altera/nios2eds/bin/gnu/H-i686-pc-linux-gnu/bin/../lib/gcc/nios2-elf/4.1.2/../../../../nios2-elf/lib/mno-hw-mul/libc.a(lib_a-vfprintf.o)
                0x008017a0                ___vfprintf_internal_r
                0x00803664                __vfprintf_internal
 .text          0x00803688      0x13c /opt/altera/nios2eds/bin/gnu/H-i686-pc-linux-gnu/bin/../lib/gcc/nios2-elf/4.1.2/../../../../nios2-elf/lib/mno-hw-mul/libc.a(lib_a-wsetup.o)
                0x00803688                __swsetup_r
 .text          0x008037c4      0x1b4 /opt/altera/nios2eds/bin/gnu/H-i686-pc-linux-gnu/bin/../lib/gcc/nios2-elf/4.1.2/../../../../nios2-elf/lib/mno-hw-mul/libc.a(lib_a-__call_atexit.o)
                0x008037c8                __call_exitprocs
 .text          0x00803978     0x17f8 /opt/altera/nios2eds/bin/gnu/H-i686-pc-linux-gnu/bin/../lib/gcc/nios2-elf/4.1.2/../../../../nios2-elf/lib/mno-hw-mul/libc.a(lib_a-dtoa.o)
                0x00803bbc                _dtoa_r
 .text          0x00805170      0x230 /opt/altera/nios2eds/bin/gnu/H-i686-pc-linux-gnu/bin/../lib/gcc/nios2-elf/4.1.2/../../../../nios2-elf/lib/mno-hw-mul/libc.a(lib_a-fflush.o)
                0x00805170                _fflush_r
                0x0080536c                fflush
 .text          0x008053a0      0x2f4 /opt/altera/nios2eds/bin/gnu/H-i686-pc-linux-gnu/bin/../lib/gcc/nios2-elf/4.1.2/../../../../nios2-elf/lib/mno-hw-mul/libc.a(lib_a-findfp.o)
                0x008053f8                __sfp_lock_acquire
                0x008053fc                __sfp_lock_release
                0x00805400                __sinit_lock_acquire
                0x00805404                __sinit_lock_release
                0x00805408                __sinit
                0x008054bc                __fp_unlock_all
                0x008054d4                __fp_lock_all
                0x008054ec                _cleanup_r
                0x008054f8                _cleanup
                0x00805508                __sfmoreglue
                0x008055a4                __sfp
 .text          0x00805694      0x440 /opt/altera/nios2eds/bin/gnu/H-i686-pc-linux-gnu/bin/../lib/gcc/nios2-elf/4.1.2/../../../../nios2-elf/lib/mno-hw-mul/libc.a(lib_a-freer.o)
                0x00805694                _malloc_trim_r
                0x008057c0                _free_r
 .text          0x00805ad4      0x49c /opt/altera/nios2eds/bin/gnu/H-i686-pc-linux-gnu/bin/../lib/gcc/nios2-elf/4.1.2/../../../../nios2-elf/lib/mno-hw-mul/libc.a(lib_a-fvwrite.o)
                0x00805ad4                __sfvwrite_r
 .text          0x00805f70      0x180 /opt/altera/nios2eds/bin/gnu/H-i686-pc-linux-gnu/bin/../lib/gcc/nios2-elf/4.1.2/../../../../nios2-elf/lib/mno-hw-mul/libc.a(lib_a-fwalk.o)
                0x00805f70                _fwalk_reent
                0x00806038                _fwalk
 .text          0x008060f0       0xc4 /opt/altera/nios2eds/bin/gnu/H-i686-pc-linux-gnu/bin/../lib/gcc/nios2-elf/4.1.2/../../../../nios2-elf/lib/mno-hw-mul/libc.a(lib_a-locale.o)
                0x008060f0                __locale_charset
                0x008060f8                _localeconv_r
                0x00806104                localeconv
                0x00806114                _setlocale_r
                0x00806198                setlocale
 .text          0x008061b4      0x194 /opt/altera/nios2eds/bin/gnu/H-i686-pc-linux-gnu/bin/../lib/gcc/nios2-elf/4.1.2/../../../../nios2-elf/lib/mno-hw-mul/libc.a(lib_a-makebuf.o)
                0x008061b4                __smakebuf_r
 .text          0x00806348      0x740 /opt/altera/nios2eds/bin/gnu/H-i686-pc-linux-gnu/bin/../lib/gcc/nios2-elf/4.1.2/../../../../nios2-elf/lib/mno-hw-mul/libc.a(lib_a-mallocr.o)
                0x00806348                _malloc_r
 .text          0x00806a88       0xe4 /opt/altera/nios2eds/bin/gnu/H-i686-pc-linux-gnu/bin/../lib/gcc/nios2-elf/4.1.2/../../../../nios2-elf/lib/mno-hw-mul/libc.a(lib_a-memchr.o)
                0x00806a88                memchr
 .text          0x00806b6c       0xa0 /opt/altera/nios2eds/bin/gnu/H-i686-pc-linux-gnu/bin/../lib/gcc/nios2-elf/4.1.2/../../../../nios2-elf/lib/mno-hw-mul/libc.a(lib_a-memcpy.o)
                0x00806b6c                memcpy
 .text          0x00806c0c       0xe0 /opt/altera/nios2eds/bin/gnu/H-i686-pc-linux-gnu/bin/../lib/gcc/nios2-elf/4.1.2/../../../../nios2-elf/lib/mno-hw-mul/libc.a(lib_a-memmove.o)
                0x00806c0c                memmove
 .text          0x00806cec       0x98 /opt/altera/nios2eds/bin/gnu/H-i686-pc-linux-gnu/bin/../lib/gcc/nios2-elf/4.1.2/../../../../nios2-elf/lib/mno-hw-mul/libc.a(lib_a-memset.o)
                0x00806cec                memset
 .text          0x00806d84     0x108c /opt/altera/nios2eds/bin/gnu/H-i686-pc-linux-gnu/bin/../lib/gcc/nios2-elf/4.1.2/../../../../nios2-elf/lib/mno-hw-mul/libc.a(lib_a-mprec.o)
                0x00806d84                _Bfree
                0x00806dac                __hi0bits
                0x00806e1c                __lo0bits
                0x00806ee0                __mcmp
                0x00806f40                __ulp
                0x00806fc0                __b2d
                0x008070e0                __ratio
                0x00807190                _mprec_log10
                0x00807224                __copybits
                0x0080727c                __any_on
                0x00807304                _Balloc
                0x008073c0                __d2b
                0x0080753c                __mdiff
                0x008076c8                __lshift
                0x00807814                __multiply
                0x00807a68                __i2b
                0x00807aa4                __multadd
                0x00807bd0                __pow5mult
                0x00807cf0                __s2b
 .text          0x00807e10      0x5f4 /opt/altera/nios2eds/bin/gnu/H-i686-pc-linux-gnu/bin/../lib/gcc/nios2-elf/4.1.2/../../../../nios2-elf/lib/mno-hw-mul/libc.a(lib_a-reallocr.o)
                0x00807e10                _realloc_r
 .text          0x00808404       0x40 /opt/altera/nios2eds/bin/gnu/H-i686-pc-linux-gnu/bin/../lib/gcc/nios2-elf/4.1.2/../../../../nios2-elf/lib/mno-hw-mul/libc.a(lib_a-s_isinfd.o)
                0x00808404                __isinfd
 .text          0x00808444       0x30 /opt/altera/nios2eds/bin/gnu/H-i686-pc-linux-gnu/bin/../lib/gcc/nios2-elf/4.1.2/../../../../nios2-elf/lib/mno-hw-mul/libc.a(lib_a-s_isnand.o)
                0x00808444                __isnand
 .text          0x00808474       0x70 /opt/altera/nios2eds/bin/gnu/H-i686-pc-linux-gnu/bin/../lib/gcc/nios2-elf/4.1.2/../../../../nios2-elf/lib/mno-hw-mul/libc.a(lib_a-sbrkr.o)
                0x00808474                _sbrk_r
 .text          0x008084e4      0x14c /opt/altera/nios2eds/bin/gnu/H-i686-pc-linux-gnu/bin/../lib/gcc/nios2-elf/4.1.2/../../../../nios2-elf/lib/mno-hw-mul/libc.a(lib_a-stdio.o)
                0x008084e4                __sclose
                0x008084ec                __sseek
                0x00808554                __swrite
                0x008085d0                __sread
 .text          0x00808630       0xbc /opt/altera/nios2eds/bin/gnu/H-i686-pc-linux-gnu/bin/../lib/gcc/nios2-elf/4.1.2/../../../../nios2-elf/lib/mno-hw-mul/libc.a(lib_a-strcmp.o)
                0x00808630                strcmp
 .text          0x008086ec       0x78 /opt/altera/nios2eds/bin/gnu/H-i686-pc-linux-gnu/bin/../lib/gcc/nios2-elf/4.1.2/../../../../nios2-elf/lib/mno-hw-mul/libc.a(lib_a-writer.o)
                0x008086ec                _write_r
 .text          0x00808764       0xc8 /opt/altera/nios2eds/bin/gnu/H-i686-pc-linux-gnu/bin/../lib/gcc/nios2-elf/4.1.2/../../../../nios2-elf/lib/mno-hw-mul/libc.a(lib_a-callocr.o)
                0x00808764                _calloc_r
 .text          0x0080882c       0x70 /opt/altera/nios2eds/bin/gnu/H-i686-pc-linux-gnu/bin/../lib/gcc/nios2-elf/4.1.2/../../../../nios2-elf/lib/mno-hw-mul/libc.a(lib_a-closer.o)
                0x0080882c                _close_r
 .text          0x0080889c      0x124 /opt/altera/nios2eds/bin/gnu/H-i686-pc-linux-gnu/bin/../lib/gcc/nios2-elf/4.1.2/../../../../nios2-elf/lib/mno-hw-mul/libc.a(lib_a-fclose.o)
                0x0080889c                _fclose_r
                0x008089ac                fclose
 .text          0x008089c0       0x74 /opt/altera/nios2eds/bin/gnu/H-i686-pc-linux-gnu/bin/../lib/gcc/nios2-elf/4.1.2/../../../../nios2-elf/lib/mno-hw-mul/libc.a(lib_a-fstatr.o)
                0x008089c0                _fstat_r
 .text          0x00808a34        0x0 /opt/altera/nios2eds/bin/gnu/H-i686-pc-linux-gnu/bin/../lib/gcc/nios2-elf/4.1.2/../../../../nios2-elf/lib/mno-hw-mul/libc.a(lib_a-int_errno.o)
 .text          0x00808a34       0x70 /opt/altera/nios2eds/bin/gnu/H-i686-pc-linux-gnu/bin/../lib/gcc/nios2-elf/4.1.2/../../../../nios2-elf/lib/mno-hw-mul/libc.a(lib_a-isattyr.o)
                0x00808a34                _isatty_r
 .text          0x00808aa4       0x78 /opt/altera/nios2eds/bin/gnu/H-i686-pc-linux-gnu/bin/../lib/gcc/nios2-elf/4.1.2/../../../../nios2-elf/lib/mno-hw-mul/libc.a(lib_a-lseekr.o)
                0x00808aa4                _lseek_r
 .text          0x00808b1c       0x78 /opt/altera/nios2eds/bin/gnu/H-i686-pc-linux-gnu/bin/../lib/gcc/nios2-elf/4.1.2/../../../../nios2-elf/lib/mno-hw-mul/libc.a(lib_a-readr.o)
                0x00808b1c                _read_r
 .text          0x00808b94      0x66c /opt/altera/nios2eds/bin/gnu/H-i686-pc-linux-gnu/bin/../lib/gcc/nios2-elf/4.1.2/mno-hw-mul/libgcc.a(_udivdi3.o)
                0x00808b94                __udivdi3
 .text          0x00809200      0x660 /opt/altera/nios2eds/bin/gnu/H-i686-pc-linux-gnu/bin/../lib/gcc/nios2-elf/4.1.2/mno-hw-mul/libgcc.a(_umoddi3.o)
                0x00809200                __umoddi3
 .text          0x00809860      0x504 /opt/altera/nios2eds/bin/gnu/H-i686-pc-linux-gnu/bin/../lib/gcc/nios2-elf/4.1.2/mno-hw-mul/libgcc.a(_addsub_df.o)
                0x00809c70                __subdf3
                0x00809cf0                __adddf3
 .text          0x00809d64      0x3c4 /opt/altera/nios2eds/bin/gnu/H-i686-pc-linux-gnu/bin/../lib/gcc/nios2-elf/4.1.2/mno-hw-mul/libgcc.a(_mul_df.o)
                0x00809d64                __muldf3
 .text          0x0080a128      0x258 /opt/altera/nios2eds/bin/gnu/H-i686-pc-linux-gnu/bin/../lib/gcc/nios2-elf/4.1.2/mno-hw-mul/libgcc.a(_div_df.o)
                0x0080a128                __divdf3
 .text          0x0080a380       0x88 /opt/altera/nios2eds/bin/gnu/H-i686-pc-linux-gnu/bin/../lib/gcc/nios2-elf/4.1.2/mno-hw-mul/libgcc.a(_eq_df.o)
                0x0080a380                __eqdf2
 .text          0x0080a408       0x88 /opt/altera/nios2eds/bin/gnu/H-i686-pc-linux-gnu/bin/../lib/gcc/nios2-elf/4.1.2/mno-hw-mul/libgcc.a(_ne_df.o)
                0x0080a408                __nedf2
 .text          0x0080a490       0x88 /opt/altera/nios2eds/bin/gnu/H-i686-pc-linux-gnu/bin/../lib/gcc/nios2-elf/4.1.2/mno-hw-mul/libgcc.a(_gt_df.o)
                0x0080a490                __gtdf2
 .text          0x0080a518       0x88 /opt/altera/nios2eds/bin/gnu/H-i686-pc-linux-gnu/bin/../lib/gcc/nios2-elf/4.1.2/mno-hw-mul/libgcc.a(_ge_df.o)
                0x0080a518                __gedf2
 .text          0x0080a5a0       0x88 /opt/altera/nios2eds/bin/gnu/H-i686-pc-linux-gnu/bin/../lib/gcc/nios2-elf/4.1.2/mno-hw-mul/libgcc.a(_lt_df.o)
                0x0080a5a0                __ltdf2
 .text          0x0080a628       0xf8 /opt/altera/nios2eds/bin/gnu/H-i686-pc-linux-gnu/bin/../lib/gcc/nios2-elf/4.1.2/mno-hw-mul/libgcc.a(_si_to_df.o)
                0x0080a628                __floatsidf
 .text          0x0080a720       0xd8 /opt/altera/nios2eds/bin/gnu/H-i686-pc-linux-gnu/bin/../lib/gcc/nios2-elf/4.1.2/mno-hw-mul/libgcc.a(_df_to_si.o)
                0x0080a720                __fixdfsi
 .text          0x0080a7f8        0x0 /opt/altera/nios2eds/bin/gnu/H-i686-pc-linux-gnu/bin/../lib/gcc/nios2-elf/4.1.2/mno-hw-mul/libgcc.a(_thenan_df.o)
 .text          0x0080a7f8      0x194 /opt/altera/nios2eds/bin/gnu/H-i686-pc-linux-gnu/bin/../lib/gcc/nios2-elf/4.1.2/mno-hw-mul/libgcc.a(_usi_to_df.o)
                0x0080a7f8                __floatunsidf
 .text          0x0080a98c       0x38 /opt/altera/nios2eds/bin/gnu/H-i686-pc-linux-gnu/bin/../lib/gcc/nios2-elf/4.1.2/mno-hw-mul/libgcc.a(lib2-mul.o)
                0x0080a98c                __mulsi3
 .text          0x0080a9c4      0x124 /opt/altera/nios2eds/bin/gnu/H-i686-pc-linux-gnu/bin/../lib/gcc/nios2-elf/4.1.2/mno-hw-mul/libgcc.a(_muldi3.o)
                0x0080a9c4                __muldi3
 .text          0x0080aae8        0x0 /opt/altera/nios2eds/bin/gnu/H-i686-pc-linux-gnu/bin/../lib/gcc/nios2-elf/4.1.2/mno-hw-mul/libgcc.a(_clz.o)
 .text          0x0080aae8       0x80 /opt/altera/nios2eds/bin/gnu/H-i686-pc-linux-gnu/bin/../lib/gcc/nios2-elf/4.1.2/mno-hw-mul/libgcc.a(_clzsi2.o)
                0x0080aae8                __clzsi2
 .text          0x0080ab68      0x314 /opt/altera/nios2eds/bin/gnu/H-i686-pc-linux-gnu/bin/../lib/gcc/nios2-elf/4.1.2/mno-hw-mul/libgcc.a(_pack_df.o)
                0x0080ab68                __pack_d
 .text          0x0080ae7c      0x138 /opt/altera/nios2eds/bin/gnu/H-i686-pc-linux-gnu/bin/../lib/gcc/nios2-elf/4.1.2/mno-hw-mul/libgcc.a(_unpack_df.o)
                0x0080ae7c                __unpack_d
 .text          0x0080afb4       0xc8 /opt/altera/nios2eds/bin/gnu/H-i686-pc-linux-gnu/bin/../lib/gcc/nios2-elf/4.1.2/mno-hw-mul/libgcc.a(_fpcmp_parts_df.o)
                0x0080afb4                __fpcmp_parts_d
 .text          0x0080b07c      0x160 ../de1_ucosii_tutorial_bsp//libucosii_bsp.a(alt_close.o)
                0x0080b07c                close
 .text          0x0080b1dc       0x2c ../de1_ucosii_tutorial_bsp//libucosii_bsp.a(alt_dev.o)
 .text          0x0080b208        0x0 ../de1_ucosii_tutorial_bsp//libucosii_bsp.a(alt_errno.o)
 .text          0x0080b208       0x6c ../de1_ucosii_tutorial_bsp//libucosii_bsp.a(alt_exit.o)
                0x0080b248                _exit
 .text          0x0080b274      0x138 ../de1_ucosii_tutorial_bsp//libucosii_bsp.a(alt_fstat.o)
                0x0080b274                fstat
 .text          0x0080b3ac      0x124 ../de1_ucosii_tutorial_bsp//libucosii_bsp.a(alt_isatty.o)
                0x0080b3ac                isatty
 .text          0x0080b4d0       0xec ../de1_ucosii_tutorial_bsp//libucosii_bsp.a(alt_load.o)
                0x0080b4d0                alt_load
 .text          0x0080b5bc      0x154 ../de1_ucosii_tutorial_bsp//libucosii_bsp.a(alt_lseek.o)
                0x0080b5bc                lseek
 .text          0x0080b710       0xc8 ../de1_ucosii_tutorial_bsp//libucosii_bsp.a(alt_main.o)
                0x0080b710                alt_main
 .text          0x0080b7d8      0x184 ../de1_ucosii_tutorial_bsp//libucosii_bsp.a(alt_read.o)
                0x0080b7d8                read
 .text          0x0080b95c       0x78 ../de1_ucosii_tutorial_bsp//libucosii_bsp.a(alt_release_fd.o)
                0x0080b95c                alt_release_fd
 .text          0x0080b9d4       0xbc ../de1_ucosii_tutorial_bsp//libucosii_bsp.a(alt_sbrk.o)
                0x0080b9d4                sbrk
 .text          0x0080ba90      0x184 ../de1_ucosii_tutorial_bsp//libucosii_bsp.a(alt_write.o)
                0x0080ba90                write
 .text          0x0080bc14      0x108 ../de1_ucosii_tutorial_bsp//libucosii_bsp.a(alt_env_lock.o)
                0x0080bc14                __env_lock
                0x0080bcc0                __env_unlock
 .text          0x0080bd1c      0x1d8 ../de1_ucosii_tutorial_bsp//libucosii_bsp.a(alt_malloc_lock.o)
                0x0080bd1c                __malloc_lock
                0x0080be24                __malloc_unlock
 .text          0x0080bef4     0x2128 ../de1_ucosii_tutorial_bsp//libucosii_bsp.a(os_core.o)
                0x0080bef4                OSEventNameGet
                0x0080c024                OSEventNameSet
                0x0080c168                OSEventPendMulti
                0x0080c81c                OSInit
                0x0080c870                OSIntEnter
                0x0080c8ec                OSIntExit
                0x0080c9ec                OSSchedLock
                0x0080ca78                OSSchedUnlock
                0x0080cb5c                OSStart
                0x0080cbcc                OSStatInit
                0x0080cc78                OSTimeTick
                0x0080ceb8                OSVersion
                0x0080ced8                OS_Dummy
                0x0080cef4                OS_EventTaskRdy
                0x0080d088                OS_EventTaskWait
                0x0080d198                OS_EventTaskWaitMulti
                0x0080d2ec                OS_EventTaskRemove
                0x0080d3a4                OS_EventTaskRemoveMulti
                0x0080d4a8                OS_EventWaitListInit
                0x0080d874                OS_MemClr
                0x0080d8c8                OS_MemCopy
                0x0080d934                OS_Sched
                0x0080da78                OS_StrCopy
                0x0080daf8                OS_StrLen
                0x0080db50                OS_TaskIdle
                0x0080dbac                OS_TaskStat
                0x0080dc74                OS_TaskStatStkChk
                0x0080dd3c                OS_TCBInit
 .text          0x0080e01c      0x18c ../de1_ucosii_tutorial_bsp//libucosii_bsp.a(os_dbg.o)
                0x0080e01c                OSDebugInit
 .text          0x0080e1a8     0x193c ../de1_ucosii_tutorial_bsp//libucosii_bsp.a(os_flag.o)
                0x0080e1a8                OSFlagAccept
                0x0080e4dc                OSFlagCreate
                0x0080e618                OSFlagDel
                0x0080e8c0                OSFlagNameGet
                0x0080ea04                OSFlagNameSet
                0x0080eb58                OSFlagPend
                0x0080f19c                OSFlagPendGetFlagsRdy
                0x0080f204                OSFlagPost
                0x0080f5ac                OSFlagQuery
                0x0080f844                OS_FlagInit
                0x0080fa38                OS_FlagUnlink
 .text          0x0080fae4      0x80c ../de1_ucosii_tutorial_bsp//libucosii_bsp.a(os_mem.o)
                0x0080fae4                OSMemCreate
                0x0080fd00                OSMemGet
                0x0080fe04                OSMemNameGet
                0x0080ff10                OSMemNameSet
                0x00810030                OSMemPut
                0x00810120                OSMemQuery
                0x0081021c                OS_MemInit
 .text          0x008102f0     0x1334 ../de1_ucosii_tutorial_bsp//libucosii_bsp.a(os_q.o)
                0x008102f0                OSQAccept
                0x00810444                OSQCreate
                0x00810658                OSQDel
                0x00810958                OSQFlush
                0x00810a20                OSQPend
                0x00810d40                OSQPendAbort
                0x00810ebc                OSQPost
                0x0081103c                OSQPostFront
                0x008111c4                OSQPostOpt
                0x008113f8                OSQQuery
                0x00811578                OS_QInit
 .text          0x00811624      0xbc8 ../de1_ucosii_tutorial_bsp//libucosii_bsp.a(os_sem.o)
                0x00811624                OSSemAccept
                0x008116e4                OSSemCreate
                0x008117f8                OSSemDel
                0x00811a98                OSSemPend
                0x00811d14                OSSemPendAbort
                0x00811e90                OSSemPost
                0x00811fb8                OSSemQuery
                0x008120e8                OSSemSet
 .text          0x008121ec     0x1a40 ../de1_ucosii_tutorial_bsp//libucosii_bsp.a(os_task.o)
                0x008121ec                OSTaskChangePrio
                0x00812760                OSTaskCreate
                0x00812934                OSTaskCreateExt
                0x00812b34                OSTaskDel
                0x00812f40                OSTaskDelReq
                0x008130b0                OSTaskNameGet
                0x00813268                OSTaskNameSet
                0x0081342c                OSTaskResume
                0x00813644                OSTaskStkChk
                0x00813840                OSTaskSuspend
                0x00813a6c                OSTaskQuery
                0x00813bb0                OS_TaskStkClr
 .text          0x00813c2c      0x5b4 ../de1_ucosii_tutorial_bsp//libucosii_bsp.a(os_time.o)
                0x00813c2c                OSTimeDly
                0x00813d78                OSTimeDlyHMSM
                0x00813f08                OSTimeDlyResume
                0x00814118                OSTimeGet
                0x0081417c                OSTimeSet
 .text          0x008141e0       0xc8 ../de1_ucosii_tutorial_bsp//libucosii_bsp.a(alt_sys_init.o)
                0x008141e0                alt_irq_init
                0x00814214                alt_sys_init
 .text          0x008142a8      0x148 ../de1_ucosii_tutorial_bsp//libucosii_bsp.a(altera_avalon_jtag_uart_fd.o)
                0x008142a8                altera_avalon_jtag_uart_read_fd
                0x00814300                altera_avalon_jtag_uart_write_fd
                0x00814358                altera_avalon_jtag_uart_close_fd
                0x008143a0                altera_avalon_jtag_uart_ioctl_fd
 .text          0x008143f0      0x584 ../de1_ucosii_tutorial_bsp//libucosii_bsp.a(altera_avalon_jtag_uart_init.o)
                0x008143f0                altera_avalon_jtag_uart_init
                0x00814900                altera_avalon_jtag_uart_close
 .text          0x00814974       0xf4 ../de1_ucosii_tutorial_bsp//libucosii_bsp.a(altera_avalon_jtag_uart_ioctl.o)
                0x00814974                altera_avalon_jtag_uart_ioctl
 .text          0x00814a68      0x2c0 ../de1_ucosii_tutorial_bsp//libucosii_bsp.a(altera_avalon_jtag_uart_read.o)
                0x00814a68                altera_avalon_jtag_uart_read
 .text          0x00814d28      0x2dc ../de1_ucosii_tutorial_bsp//libucosii_bsp.a(altera_avalon_jtag_uart_write.o)
                0x00814d28                altera_avalon_jtag_uart_write
 .text          0x00815004      0x100 ../de1_ucosii_tutorial_bsp//libucosii_bsp.a(altera_avalon_timer_sc.o)
                0x00815074                alt_avalon_timer_sc_init
 .text          0x00815104      0x154 ../de1_ucosii_tutorial_bsp//libucosii_bsp.a(alt_alarm_start.o)
                0x00815104                alt_alarm_start
 .text          0x00815258       0x1c ../de1_ucosii_tutorial_bsp//libucosii_bsp.a(alt_dcache_flush_all.o)
                0x00815258                alt_dcache_flush_all
 .text          0x00815274      0x114 ../de1_ucosii_tutorial_bsp//libucosii_bsp.a(alt_dev_llist_insert.o)
                0x00815274                alt_dev_llist_insert
 .text          0x00815388       0x64 ../de1_ucosii_tutorial_bsp//libucosii_bsp.a(alt_do_ctors.o)
                0x00815388                _do_ctors
 .text          0x008153ec       0x64 ../de1_ucosii_tutorial_bsp//libucosii_bsp.a(alt_do_dtors.o)
                0x008153ec                _do_dtors
 .text          0x00815450       0x1c ../de1_ucosii_tutorial_bsp//libucosii_bsp.a(alt_icache_flush_all.o)
                0x00815450                alt_icache_flush_all
 .text          0x0081546c      0x1d4 ../de1_ucosii_tutorial_bsp//libucosii_bsp.a(alt_iic.o)
                0x0081546c                alt_ic_isr_register
                0x008154bc                alt_ic_irq_enable
                0x00815558                alt_ic_irq_disable
                0x008155f8                alt_ic_irq_enabled
 .text          0x00815640       0xf8 ../de1_ucosii_tutorial_bsp//libucosii_bsp.a(alt_iic_isr_register.o)
                0x00815640                alt_iic_isr_register
 .text          0x00815738      0x150 ../de1_ucosii_tutorial_bsp//libucosii_bsp.a(alt_io_redirect.o)
                0x00815810                alt_io_redirect
 .text          0x00815888        0x0 ../de1_ucosii_tutorial_bsp//libucosii_bsp.a(alt_irq_entry.o)
 .text          0x00815888        0x0 ../de1_ucosii_tutorial_bsp//libucosii_bsp.a(alt_irq_handler.o)
 .text          0x00815888        0x0 ../de1_ucosii_tutorial_bsp//libucosii_bsp.a(alt_irq_vars.o)
 .text          0x00815888      0x2e4 ../de1_ucosii_tutorial_bsp//libucosii_bsp.a(alt_open.o)
                0x00815980                open
 .text          0x00815b6c      0x1a8 ../de1_ucosii_tutorial_bsp//libucosii_bsp.a(alt_tick.o)
                0x00815b6c                alt_alarm_stop
                0x00815c04                alt_tick
 .text          0x00815d14       0x20 ../de1_ucosii_tutorial_bsp//libucosii_bsp.a(altera_nios2_qsys_irq.o)
                0x00815d14                altera_nios2_qsys_irq_init
 .text          0x00815d34       0xd0 ../de1_ucosii_tutorial_bsp//libucosii_bsp.a(os_cpu_a.o)
                0x00815d34                OSCtxSw
                0x00815d34                OSIntCtxSw
                0x00815dc0                OSStartHighRdy
                0x00815de0                OSStartTsk
 .text          0x00815e04      0x418 ../de1_ucosii_tutorial_bsp//libucosii_bsp.a(os_cpu_c.o)
                0x00815e04                OSTaskStkInit
                0x00816114                OSTaskCreateHook
                0x00816134                OSTaskDelHook
                0x00816154                OSTaskSwHook
                0x00816170                OSTaskStatHook
                0x0081618c                OSTimeTickHook
                0x008161a8                OSInitHookBegin
                0x008161c4                OSInitHookEnd
                0x008161e0                OSTaskIdleHook
                0x008161fc                OSTCBInitHook
 .text          0x0081621c        0x0 ../de1_ucosii_tutorial_bsp//libucosii_bsp.a(alt_exception_entry.o)
 .text          0x0081621c       0x94 ../de1_ucosii_tutorial_bsp//libucosii_bsp.a(alt_find_dev.o)
                0x0081621c                alt_find_dev
 .text          0x008162b0      0x120 ../de1_ucosii_tutorial_bsp//libucosii_bsp.a(alt_find_file.o)
                0x008162b0                alt_find_file
 .text          0x008163d0      0x104 ../de1_ucosii_tutorial_bsp//libucosii_bsp.a(alt_get_fd.o)
                0x008163d0                alt_get_fd
 .text          0x008164d4       0x14 /opt/altera/nios2eds/bin/gnu/H-i686-pc-linux-gnu/bin/../lib/gcc/nios2-elf/4.1.2/../../../../nios2-elf/lib/mno-hw-mul/libc.a(lib_a-atexit.o)
                0x008164d4                atexit
 .text          0x008164e8       0x74 /opt/altera/nios2eds/bin/gnu/H-i686-pc-linux-gnu/bin/../lib/gcc/nios2-elf/4.1.2/../../../../nios2-elf/lib/mno-hw-mul/libc.a(lib_a-memcmp.o)
                0x008164e8                memcmp
 .text          0x0081655c      0x134 /opt/altera/nios2eds/bin/gnu/H-i686-pc-linux-gnu/bin/../lib/gcc/nios2-elf/4.1.2/../../../../nios2-elf/lib/mno-hw-mul/libc.a(lib_a-__atexit.o)
                0x0081655c                __register_exitproc
 *(.gnu.warning.*)
 *(.fini)
                0x00816690                PROVIDE (__etext, ABSOLUTE (.))
                0x00816690                PROVIDE (_etext, ABSOLUTE (.))
                0x00816690                PROVIDE (etext, ABSOLUTE (.))
 *(.eh_frame_hdr)
                0x00816690                . = ALIGN (0x4)
                0x00816690                PROVIDE (__preinit_array_start, ABSOLUTE (.))
 *(.preinit_array)
                0x00816690                PROVIDE (__preinit_array_end, ABSOLUTE (.))
                0x00816690                PROVIDE (__init_array_start, ABSOLUTE (.))
 *(.init_array)
                0x00816690                PROVIDE (__init_array_end, ABSOLUTE (.))
                0x00816690                PROVIDE (__fini_array_start, ABSOLUTE (.))
 *(.fini_array)
                0x00816690                PROVIDE (__fini_array_end, ABSOLUTE (.))
 *(.eh_frame)
 .eh_frame      0x00816690       0x40 /opt/altera/nios2eds/bin/gnu/H-i686-pc-linux-gnu/bin/../lib/gcc/nios2-elf/4.1.2/mno-hw-mul/libgcc.a(_udivdi3.o)
 .eh_frame      0x008166d0       0x2c /opt/altera/nios2eds/bin/gnu/H-i686-pc-linux-gnu/bin/../lib/gcc/nios2-elf/4.1.2/mno-hw-mul/libgcc.a(_umoddi3.o)
                                 0x40 (size before relaxing)
 *(.gcc_except_table)
 *(.dynamic)
                0x008166fc                PROVIDE (__CTOR_LIST__, ABSOLUTE (.))
 *(.ctors)
 *(SORT(.ctors.*))
 .ctors.65535   0x008166fc        0x4 /opt/altera/nios2eds/bin/gnu/H-i686-pc-linux-gnu/bin/../lib/gcc/nios2-elf/4.1.2/../../../../nios2-elf/lib/mno-hw-mul/libc.a(lib_a-__call_atexit.o)
                0x00816700                PROVIDE (__CTOR_END__, ABSOLUTE (.))
                0x00816700                PROVIDE (__DTOR_LIST__, ABSOLUTE (.))
 *(.dtors)
 *(SORT(.dtors.*))
                0x00816700                PROVIDE (__DTOR_END__, ABSOLUTE (.))
 *(.jcr)
                0x00816700                . = ALIGN (0x4)

.rodata         0x00816700      0x860
                0x00816700                PROVIDE (__ram_rodata_start, ABSOLUTE (.))
                0x00816700                . = ALIGN (0x4)
 *(.rodata .rodata.* .gnu.linkonce.r.*)
 .rodata        0x00816700      0x378 obj/default/alt_ucosii_simple_error_check.o
 .rodata        0x00816a78       0x80 obj/default/producer_consumer.o
 .rodata.str1.4
                0x00816af8        0x2 /opt/altera/nios2eds/bin/gnu/H-i686-pc-linux-gnu/bin/../lib/gcc/nios2-elf/4.1.2/../../../../nios2-elf/lib/mno-hw-mul/libc.a(lib_a-impure.o)
                                  0x4 (size before relaxing)
 *fill*         0x00816afa        0x2 00
 .rodata.str1.4
                0x00816afc        0x2 /opt/altera/nios2eds/bin/gnu/H-i686-pc-linux-gnu/bin/../lib/gcc/nios2-elf/4.1.2/../../../../nios2-elf/lib/mno-hw-mul/libc.a(lib_a-puts.o)
                                  0x4 (size before relaxing)
 *fill*         0x00816afe        0x2 00
 .rodata.str1.4
                0x00816b00       0x5e /opt/altera/nios2eds/bin/gnu/H-i686-pc-linux-gnu/bin/../lib/gcc/nios2-elf/4.1.2/../../../../nios2-elf/lib/mno-hw-mul/libc.a(lib_a-vfprintf.o)
                                 0x60 (size before relaxing)
 .rodata        0x00816b5e       0x20 /opt/altera/nios2eds/bin/gnu/H-i686-pc-linux-gnu/bin/../lib/gcc/nios2-elf/4.1.2/../../../../nios2-elf/lib/mno-hw-mul/libc.a(lib_a-vfprintf.o)
 *fill*         0x00816b7e        0x2 00
 .rodata.str1.4
                0x00816b80       0x10 /opt/altera/nios2eds/bin/gnu/H-i686-pc-linux-gnu/bin/../lib/gcc/nios2-elf/4.1.2/../../../../nios2-elf/lib/mno-hw-mul/libc.a(lib_a-dtoa.o)
                                 0x14 (size before relaxing)
 .rodata.str1.4
                0x00816b90       0x10 /opt/altera/nios2eds/bin/gnu/H-i686-pc-linux-gnu/bin/../lib/gcc/nios2-elf/4.1.2/../../../../nios2-elf/lib/mno-hw-mul/libc.a(lib_a-locale.o)
                                 0x18 (size before relaxing)
 .rodata        0x00816ba0       0x30 /opt/altera/nios2eds/bin/gnu/H-i686-pc-linux-gnu/bin/../lib/gcc/nios2-elf/4.1.2/../../../../nios2-elf/lib/mno-hw-mul/libc.a(lib_a-locale.o)
 .rodata        0x00816bd0      0x124 /opt/altera/nios2eds/bin/gnu/H-i686-pc-linux-gnu/bin/../lib/gcc/nios2-elf/4.1.2/../../../../nios2-elf/lib/mno-hw-mul/libc.a(lib_a-mprec.o)
                0x00816bd0                __mprec_tens
                0x00816c98                __mprec_bigtens
                0x00816cc0                __mprec_tinytens
 .rodata        0x00816cf4       0x14 /opt/altera/nios2eds/bin/gnu/H-i686-pc-linux-gnu/bin/../lib/gcc/nios2-elf/4.1.2/mno-hw-mul/libgcc.a(_thenan_df.o)
                0x00816cf4                __thenan_df
 .rodata        0x00816d08      0x100 /opt/altera/nios2eds/bin/gnu/H-i686-pc-linux-gnu/bin/../lib/gcc/nios2-elf/4.1.2/mno-hw-mul/libgcc.a(_clz.o)
                0x00816d08                __clz_tab
 .rodata        0x00816e08        0xc ../de1_ucosii_tutorial_bsp//libucosii_bsp.a(alt_dev.o)
 .rodata        0x00816e14       0x14 ../de1_ucosii_tutorial_bsp//libucosii_bsp.a(alt_main.o)
 .rodata        0x00816e28      0x120 ../de1_ucosii_tutorial_bsp//libucosii_bsp.a(os_core.o)
                0x00816e28                OSUnMapTbl
 .rodata        0x00816f48       0x14 ../de1_ucosii_tutorial_bsp//libucosii_bsp.a(alt_sys_init.o)
 .rodata        0x00816f5c        0x4 ../de1_ucosii_tutorial_bsp//libucosii_bsp.a(os_cpu_c.o)
 *(.rodata1)
                0x00816f60                . = ALIGN (0x4)
                0x00816f60                PROVIDE (__ram_rodata_end, ABSOLUTE (.))
                0x00816700                PROVIDE (__flash_rodata_start, LOADADDR (.rodata))

.rwdata         0x00816f60     0x1ae4 load address 0x00818a44
                0x00816f60                PROVIDE (__ram_rwdata_start, ABSOLUTE (.))
                0x00816f60                . = ALIGN (0x4)
 *(.got.plt)
 *(.got)
 *(.data1)
 *(.data .data.* .gnu.linkonce.d.*)
 .data          0x00816f60        0x0 ../de1_ucosii_tutorial_bsp//obj/HAL/src/crt0.o
 .data          0x00816f60        0x0 obj/default/alt_ucosii_simple_error_check.o
 .data          0x00816f60        0x0 obj/default/producer_consumer.o
 .data          0x00816f60        0x0 /opt/altera/nios2eds/bin/gnu/H-i686-pc-linux-gnu/bin/../lib/gcc/nios2-elf/4.1.2/mno-hw-mul/libgcc.a(lib2-divmod.o)
 .data          0x00816f60        0x0 /opt/altera/nios2eds/bin/gnu/H-i686-pc-linux-gnu/bin/../lib/gcc/nios2-elf/4.1.2/../../../../nios2-elf/lib/mno-hw-mul/libc.a(lib_a-exit.o)
 .data          0x00816f60        0x0 /opt/altera/nios2eds/bin/gnu/H-i686-pc-linux-gnu/bin/../lib/gcc/nios2-elf/4.1.2/../../../../nios2-elf/lib/mno-hw-mul/libc.a(lib_a-fprintf.o)
 .data          0x00816f60        0x0 /opt/altera/nios2eds/bin/gnu/H-i686-pc-linux-gnu/bin/../lib/gcc/nios2-elf/4.1.2/../../../../nios2-elf/lib/mno-hw-mul/libc.a(lib_a-fwrite.o)
 .data          0x00816f60      0x400 /opt/altera/nios2eds/bin/gnu/H-i686-pc-linux-gnu/bin/../lib/gcc/nios2-elf/4.1.2/../../../../nios2-elf/lib/mno-hw-mul/libc.a(lib_a-impure.o)
 .data          0x00817360        0x0 /opt/altera/nios2eds/bin/gnu/H-i686-pc-linux-gnu/bin/../lib/gcc/nios2-elf/4.1.2/../../../../nios2-elf/lib/mno-hw-mul/libc.a(lib_a-printf.o)
 .data          0x00817360        0x0 /opt/altera/nios2eds/bin/gnu/H-i686-pc-linux-gnu/bin/../lib/gcc/nios2-elf/4.1.2/../../../../nios2-elf/lib/mno-hw-mul/libc.a(lib_a-puts.o)
 .data          0x00817360        0x0 /opt/altera/nios2eds/bin/gnu/H-i686-pc-linux-gnu/bin/../lib/gcc/nios2-elf/4.1.2/../../../../nios2-elf/lib/mno-hw-mul/libc.a(lib_a-strlen.o)
 .data          0x00817360        0x0 /opt/altera/nios2eds/bin/gnu/H-i686-pc-linux-gnu/bin/../lib/gcc/nios2-elf/4.1.2/../../../../nios2-elf/lib/mno-hw-mul/libc.a(lib_a-vfprintf.o)
 .data          0x00817360        0x0 /opt/altera/nios2eds/bin/gnu/H-i686-pc-linux-gnu/bin/../lib/gcc/nios2-elf/4.1.2/../../../../nios2-elf/lib/mno-hw-mul/libc.a(lib_a-wsetup.o)
 .data          0x00817360        0x0 /opt/altera/nios2eds/bin/gnu/H-i686-pc-linux-gnu/bin/../lib/gcc/nios2-elf/4.1.2/../../../../nios2-elf/lib/mno-hw-mul/libc.a(lib_a-__call_atexit.o)
 .data          0x00817360        0x0 /opt/altera/nios2eds/bin/gnu/H-i686-pc-linux-gnu/bin/../lib/gcc/nios2-elf/4.1.2/../../../../nios2-elf/lib/mno-hw-mul/libc.a(lib_a-dtoa.o)
 .data          0x00817360        0x0 /opt/altera/nios2eds/bin/gnu/H-i686-pc-linux-gnu/bin/../lib/gcc/nios2-elf/4.1.2/../../../../nios2-elf/lib/mno-hw-mul/libc.a(lib_a-fflush.o)
 .data          0x00817360        0x0 /opt/altera/nios2eds/bin/gnu/H-i686-pc-linux-gnu/bin/../lib/gcc/nios2-elf/4.1.2/../../../../nios2-elf/lib/mno-hw-mul/libc.a(lib_a-findfp.o)
 .data          0x00817360        0x0 /opt/altera/nios2eds/bin/gnu/H-i686-pc-linux-gnu/bin/../lib/gcc/nios2-elf/4.1.2/../../../../nios2-elf/lib/mno-hw-mul/libc.a(lib_a-freer.o)
 .data          0x00817360        0x0 /opt/altera/nios2eds/bin/gnu/H-i686-pc-linux-gnu/bin/../lib/gcc/nios2-elf/4.1.2/../../../../nios2-elf/lib/mno-hw-mul/libc.a(lib_a-fvwrite.o)
 .data          0x00817360        0x0 /opt/altera/nios2eds/bin/gnu/H-i686-pc-linux-gnu/bin/../lib/gcc/nios2-elf/4.1.2/../../../../nios2-elf/lib/mno-hw-mul/libc.a(lib_a-fwalk.o)
 .data          0x00817360        0xc /opt/altera/nios2eds/bin/gnu/H-i686-pc-linux-gnu/bin/../lib/gcc/nios2-elf/4.1.2/../../../../nios2-elf/lib/mno-hw-mul/libc.a(lib_a-locale.o)
                0x00817360                __lc_ctype
 .data          0x0081736c        0x0 /opt/altera/nios2eds/bin/gnu/H-i686-pc-linux-gnu/bin/../lib/gcc/nios2-elf/4.1.2/../../../../nios2-elf/lib/mno-hw-mul/libc.a(lib_a-makebuf.o)
 .data          0x0081736c      0x408 /opt/altera/nios2eds/bin/gnu/H-i686-pc-linux-gnu/bin/../lib/gcc/nios2-elf/4.1.2/../../../../nios2-elf/lib/mno-hw-mul/libc.a(lib_a-mallocr.o)
                0x0081736c                __malloc_av_
 .data          0x00817774        0x0 /opt/altera/nios2eds/bin/gnu/H-i686-pc-linux-gnu/bin/../lib/gcc/nios2-elf/4.1.2/../../../../nios2-elf/lib/mno-hw-mul/libc.a(lib_a-memchr.o)
 .data          0x00817774        0x0 /opt/altera/nios2eds/bin/gnu/H-i686-pc-linux-gnu/bin/../lib/gcc/nios2-elf/4.1.2/../../../../nios2-elf/lib/mno-hw-mul/libc.a(lib_a-memcpy.o)
 .data          0x00817774        0x0 /opt/altera/nios2eds/bin/gnu/H-i686-pc-linux-gnu/bin/../lib/gcc/nios2-elf/4.1.2/../../../../nios2-elf/lib/mno-hw-mul/libc.a(lib_a-memmove.o)
 .data          0x00817774        0x0 /opt/altera/nios2eds/bin/gnu/H-i686-pc-linux-gnu/bin/../lib/gcc/nios2-elf/4.1.2/../../../../nios2-elf/lib/mno-hw-mul/libc.a(lib_a-memset.o)
 .data          0x00817774        0x0 /opt/altera/nios2eds/bin/gnu/H-i686-pc-linux-gnu/bin/../lib/gcc/nios2-elf/4.1.2/../../../../nios2-elf/lib/mno-hw-mul/libc.a(lib_a-mprec.o)
 .data          0x00817774        0x0 /opt/altera/nios2eds/bin/gnu/H-i686-pc-linux-gnu/bin/../lib/gcc/nios2-elf/4.1.2/../../../../nios2-elf/lib/mno-hw-mul/libc.a(lib_a-reallocr.o)
 .data          0x00817774        0x0 /opt/altera/nios2eds/bin/gnu/H-i686-pc-linux-gnu/bin/../lib/gcc/nios2-elf/4.1.2/../../../../nios2-elf/lib/mno-hw-mul/libc.a(lib_a-s_isinfd.o)
 .data          0x00817774        0x0 /opt/altera/nios2eds/bin/gnu/H-i686-pc-linux-gnu/bin/../lib/gcc/nios2-elf/4.1.2/../../../../nios2-elf/lib/mno-hw-mul/libc.a(lib_a-s_isnand.o)
 .data          0x00817774        0x0 /opt/altera/nios2eds/bin/gnu/H-i686-pc-linux-gnu/bin/../lib/gcc/nios2-elf/4.1.2/../../../../nios2-elf/lib/mno-hw-mul/libc.a(lib_a-sbrkr.o)
 .data          0x00817774        0x0 /opt/altera/nios2eds/bin/gnu/H-i686-pc-linux-gnu/bin/../lib/gcc/nios2-elf/4.1.2/../../../../nios2-elf/lib/mno-hw-mul/libc.a(lib_a-stdio.o)
 .data          0x00817774        0x0 /opt/altera/nios2eds/bin/gnu/H-i686-pc-linux-gnu/bin/../lib/gcc/nios2-elf/4.1.2/../../../../nios2-elf/lib/mno-hw-mul/libc.a(lib_a-strcmp.o)
 .data          0x00817774        0x0 /opt/altera/nios2eds/bin/gnu/H-i686-pc-linux-gnu/bin/../lib/gcc/nios2-elf/4.1.2/../../../../nios2-elf/lib/mno-hw-mul/libc.a(lib_a-writer.o)
 .data          0x00817774        0x0 /opt/altera/nios2eds/bin/gnu/H-i686-pc-linux-gnu/bin/../lib/gcc/nios2-elf/4.1.2/../../../../nios2-elf/lib/mno-hw-mul/libc.a(lib_a-callocr.o)
 .data          0x00817774        0x0 /opt/altera/nios2eds/bin/gnu/H-i686-pc-linux-gnu/bin/../lib/gcc/nios2-elf/4.1.2/../../../../nios2-elf/lib/mno-hw-mul/libc.a(lib_a-closer.o)
 .data          0x00817774        0x0 /opt/altera/nios2eds/bin/gnu/H-i686-pc-linux-gnu/bin/../lib/gcc/nios2-elf/4.1.2/../../../../nios2-elf/lib/mno-hw-mul/libc.a(lib_a-fclose.o)
 .data          0x00817774        0x0 /opt/altera/nios2eds/bin/gnu/H-i686-pc-linux-gnu/bin/../lib/gcc/nios2-elf/4.1.2/../../../../nios2-elf/lib/mno-hw-mul/libc.a(lib_a-fstatr.o)
 .data          0x00817774        0x0 /opt/altera/nios2eds/bin/gnu/H-i686-pc-linux-gnu/bin/../lib/gcc/nios2-elf/4.1.2/../../../../nios2-elf/lib/mno-hw-mul/libc.a(lib_a-int_errno.o)
 .data          0x00817774        0x0 /opt/altera/nios2eds/bin/gnu/H-i686-pc-linux-gnu/bin/../lib/gcc/nios2-elf/4.1.2/../../../../nios2-elf/lib/mno-hw-mul/libc.a(lib_a-isattyr.o)
 .data          0x00817774        0x0 /opt/altera/nios2eds/bin/gnu/H-i686-pc-linux-gnu/bin/../lib/gcc/nios2-elf/4.1.2/../../../../nios2-elf/lib/mno-hw-mul/libc.a(lib_a-lseekr.o)
 .data          0x00817774        0x0 /opt/altera/nios2eds/bin/gnu/H-i686-pc-linux-gnu/bin/../lib/gcc/nios2-elf/4.1.2/../../../../nios2-elf/lib/mno-hw-mul/libc.a(lib_a-readr.o)
 .data          0x00817774        0x0 /opt/altera/nios2eds/bin/gnu/H-i686-pc-linux-gnu/bin/../lib/gcc/nios2-elf/4.1.2/mno-hw-mul/libgcc.a(_udivdi3.o)
 .data          0x00817774        0x0 /opt/altera/nios2eds/bin/gnu/H-i686-pc-linux-gnu/bin/../lib/gcc/nios2-elf/4.1.2/mno-hw-mul/libgcc.a(_umoddi3.o)
 .data          0x00817774        0x0 /opt/altera/nios2eds/bin/gnu/H-i686-pc-linux-gnu/bin/../lib/gcc/nios2-elf/4.1.2/mno-hw-mul/libgcc.a(_addsub_df.o)
 .data          0x00817774        0x0 /opt/altera/nios2eds/bin/gnu/H-i686-pc-linux-gnu/bin/../lib/gcc/nios2-elf/4.1.2/mno-hw-mul/libgcc.a(_mul_df.o)
 .data          0x00817774        0x0 /opt/altera/nios2eds/bin/gnu/H-i686-pc-linux-gnu/bin/../lib/gcc/nios2-elf/4.1.2/mno-hw-mul/libgcc.a(_div_df.o)
 .data          0x00817774        0x0 /opt/altera/nios2eds/bin/gnu/H-i686-pc-linux-gnu/bin/../lib/gcc/nios2-elf/4.1.2/mno-hw-mul/libgcc.a(_eq_df.o)
 .data          0x00817774        0x0 /opt/altera/nios2eds/bin/gnu/H-i686-pc-linux-gnu/bin/../lib/gcc/nios2-elf/4.1.2/mno-hw-mul/libgcc.a(_ne_df.o)
 .data          0x00817774        0x0 /opt/altera/nios2eds/bin/gnu/H-i686-pc-linux-gnu/bin/../lib/gcc/nios2-elf/4.1.2/mno-hw-mul/libgcc.a(_gt_df.o)
 .data          0x00817774        0x0 /opt/altera/nios2eds/bin/gnu/H-i686-pc-linux-gnu/bin/../lib/gcc/nios2-elf/4.1.2/mno-hw-mul/libgcc.a(_ge_df.o)
 .data          0x00817774        0x0 /opt/altera/nios2eds/bin/gnu/H-i686-pc-linux-gnu/bin/../lib/gcc/nios2-elf/4.1.2/mno-hw-mul/libgcc.a(_lt_df.o)
 .data          0x00817774        0x0 /opt/altera/nios2eds/bin/gnu/H-i686-pc-linux-gnu/bin/../lib/gcc/nios2-elf/4.1.2/mno-hw-mul/libgcc.a(_si_to_df.o)
 .data          0x00817774        0x0 /opt/altera/nios2eds/bin/gnu/H-i686-pc-linux-gnu/bin/../lib/gcc/nios2-elf/4.1.2/mno-hw-mul/libgcc.a(_df_to_si.o)
 .data          0x00817774        0x0 /opt/altera/nios2eds/bin/gnu/H-i686-pc-linux-gnu/bin/../lib/gcc/nios2-elf/4.1.2/mno-hw-mul/libgcc.a(_thenan_df.o)
 .data          0x00817774        0x0 /opt/altera/nios2eds/bin/gnu/H-i686-pc-linux-gnu/bin/../lib/gcc/nios2-elf/4.1.2/mno-hw-mul/libgcc.a(_usi_to_df.o)
 .data          0x00817774        0x0 /opt/altera/nios2eds/bin/gnu/H-i686-pc-linux-gnu/bin/../lib/gcc/nios2-elf/4.1.2/mno-hw-mul/libgcc.a(lib2-mul.o)
 .data          0x00817774        0x0 /opt/altera/nios2eds/bin/gnu/H-i686-pc-linux-gnu/bin/../lib/gcc/nios2-elf/4.1.2/mno-hw-mul/libgcc.a(_muldi3.o)
 .data          0x00817774        0x0 /opt/altera/nios2eds/bin/gnu/H-i686-pc-linux-gnu/bin/../lib/gcc/nios2-elf/4.1.2/mno-hw-mul/libgcc.a(_clz.o)
 .data          0x00817774        0x0 /opt/altera/nios2eds/bin/gnu/H-i686-pc-linux-gnu/bin/../lib/gcc/nios2-elf/4.1.2/mno-hw-mul/libgcc.a(_clzsi2.o)
 .data          0x00817774        0x0 /opt/altera/nios2eds/bin/gnu/H-i686-pc-linux-gnu/bin/../lib/gcc/nios2-elf/4.1.2/mno-hw-mul/libgcc.a(_pack_df.o)
 .data          0x00817774        0x0 /opt/altera/nios2eds/bin/gnu/H-i686-pc-linux-gnu/bin/../lib/gcc/nios2-elf/4.1.2/mno-hw-mul/libgcc.a(_unpack_df.o)
 .data          0x00817774        0x0 /opt/altera/nios2eds/bin/gnu/H-i686-pc-linux-gnu/bin/../lib/gcc/nios2-elf/4.1.2/mno-hw-mul/libgcc.a(_fpcmp_parts_df.o)
 .data          0x00817774        0x0 ../de1_ucosii_tutorial_bsp//libucosii_bsp.a(alt_close.o)
 .data          0x00817774      0x1a8 ../de1_ucosii_tutorial_bsp//libucosii_bsp.a(alt_dev.o)
                0x00817774                alt_dev_null
                0x0081779c                alt_fd_list
 .data          0x0081791c        0x0 ../de1_ucosii_tutorial_bsp//libucosii_bsp.a(alt_errno.o)
 .data          0x0081791c        0x0 ../de1_ucosii_tutorial_bsp//libucosii_bsp.a(alt_exit.o)
 .data          0x0081791c        0x0 ../de1_ucosii_tutorial_bsp//libucosii_bsp.a(alt_fstat.o)
 .data          0x0081791c        0x0 ../de1_ucosii_tutorial_bsp//libucosii_bsp.a(alt_isatty.o)
 .data          0x0081791c        0x0 ../de1_ucosii_tutorial_bsp//libucosii_bsp.a(alt_load.o)
 .data          0x0081791c        0x0 ../de1_ucosii_tutorial_bsp//libucosii_bsp.a(alt_lseek.o)
 .data          0x0081791c        0x0 ../de1_ucosii_tutorial_bsp//libucosii_bsp.a(alt_main.o)
 .data          0x0081791c        0x0 ../de1_ucosii_tutorial_bsp//libucosii_bsp.a(alt_read.o)
 .data          0x0081791c        0x0 ../de1_ucosii_tutorial_bsp//libucosii_bsp.a(alt_release_fd.o)
 .data          0x0081791c        0x0 ../de1_ucosii_tutorial_bsp//libucosii_bsp.a(alt_sbrk.o)
 .data          0x0081791c        0x0 ../de1_ucosii_tutorial_bsp//libucosii_bsp.a(alt_write.o)
 .data          0x0081791c        0x0 ../de1_ucosii_tutorial_bsp//libucosii_bsp.a(alt_env_lock.o)
 .data          0x0081791c        0x0 ../de1_ucosii_tutorial_bsp//libucosii_bsp.a(alt_malloc_lock.o)
 .data          0x0081791c        0x0 ../de1_ucosii_tutorial_bsp//libucosii_bsp.a(os_core.o)
 .data          0x0081791c        0x0 ../de1_ucosii_tutorial_bsp//libucosii_bsp.a(os_dbg.o)
 .data          0x0081791c        0x0 ../de1_ucosii_tutorial_bsp//libucosii_bsp.a(os_flag.o)
 .data          0x0081791c        0x0 ../de1_ucosii_tutorial_bsp//libucosii_bsp.a(os_mem.o)
 .data          0x0081791c        0x0 ../de1_ucosii_tutorial_bsp//libucosii_bsp.a(os_q.o)
 .data          0x0081791c        0x0 ../de1_ucosii_tutorial_bsp//libucosii_bsp.a(os_sem.o)
 .data          0x0081791c        0x0 ../de1_ucosii_tutorial_bsp//libucosii_bsp.a(os_task.o)
 .data          0x0081791c        0x0 ../de1_ucosii_tutorial_bsp//libucosii_bsp.a(os_time.o)
 .data          0x0081791c     0x106c ../de1_ucosii_tutorial_bsp//libucosii_bsp.a(alt_sys_init.o)
 .data          0x00818988        0x0 ../de1_ucosii_tutorial_bsp//libucosii_bsp.a(altera_avalon_jtag_uart_fd.o)
 .data          0x00818988        0x0 ../de1_ucosii_tutorial_bsp//libucosii_bsp.a(altera_avalon_jtag_uart_init.o)
 .data          0x00818988        0x0 ../de1_ucosii_tutorial_bsp//libucosii_bsp.a(altera_avalon_jtag_uart_ioctl.o)
 .data          0x00818988        0x0 ../de1_ucosii_tutorial_bsp//libucosii_bsp.a(altera_avalon_jtag_uart_read.o)
 .data          0x00818988        0x0 ../de1_ucosii_tutorial_bsp//libucosii_bsp.a(altera_avalon_jtag_uart_write.o)
 .data          0x00818988        0x0 ../de1_ucosii_tutorial_bsp//libucosii_bsp.a(altera_avalon_timer_sc.o)
 .data          0x00818988        0x0 ../de1_ucosii_tutorial_bsp//libucosii_bsp.a(alt_alarm_start.o)
 .data          0x00818988        0x0 ../de1_ucosii_tutorial_bsp//libucosii_bsp.a(alt_dcache_flush_all.o)
 .data          0x00818988        0x0 ../de1_ucosii_tutorial_bsp//libucosii_bsp.a(alt_dev_llist_insert.o)
 .data          0x00818988        0x0 ../de1_ucosii_tutorial_bsp//libucosii_bsp.a(alt_do_ctors.o)
 .data          0x00818988        0x0 ../de1_ucosii_tutorial_bsp//libucosii_bsp.a(alt_do_dtors.o)
 .data          0x00818988        0x0 ../de1_ucosii_tutorial_bsp//libucosii_bsp.a(alt_icache_flush_all.o)
 .data          0x00818988        0x0 ../de1_ucosii_tutorial_bsp//libucosii_bsp.a(alt_iic.o)
 .data          0x00818988        0x0 ../de1_ucosii_tutorial_bsp//libucosii_bsp.a(alt_iic_isr_register.o)
 .data          0x00818988        0x0 ../de1_ucosii_tutorial_bsp//libucosii_bsp.a(alt_io_redirect.o)
 .data          0x00818988        0x0 ../de1_ucosii_tutorial_bsp//libucosii_bsp.a(alt_irq_entry.o)
 .data          0x00818988        0x0 ../de1_ucosii_tutorial_bsp//libucosii_bsp.a(alt_irq_handler.o)
 .data          0x00818988        0x0 ../de1_ucosii_tutorial_bsp//libucosii_bsp.a(alt_irq_vars.o)
 .data          0x00818988        0x0 ../de1_ucosii_tutorial_bsp//libucosii_bsp.a(alt_open.o)
 .data          0x00818988        0x0 ../de1_ucosii_tutorial_bsp//libucosii_bsp.a(alt_tick.o)
 .data          0x00818988        0x0 ../de1_ucosii_tutorial_bsp//libucosii_bsp.a(altera_nios2_qsys_irq.o)
 .data          0x00818988        0x0 ../de1_ucosii_tutorial_bsp//libucosii_bsp.a(os_cpu_a.o)
 .data          0x00818988        0x0 ../de1_ucosii_tutorial_bsp//libucosii_bsp.a(os_cpu_c.o)
 .data          0x00818988        0x0 ../de1_ucosii_tutorial_bsp//libucosii_bsp.a(alt_exception_entry.o)
 .data          0x00818988        0x0 ../de1_ucosii_tutorial_bsp//libucosii_bsp.a(alt_find_dev.o)
 .data          0x00818988        0x0 ../de1_ucosii_tutorial_bsp//libucosii_bsp.a(alt_find_file.o)
 .data          0x00818988        0x0 ../de1_ucosii_tutorial_bsp//libucosii_bsp.a(alt_get_fd.o)
 .data          0x00818988        0x0 /opt/altera/nios2eds/bin/gnu/H-i686-pc-linux-gnu/bin/../lib/gcc/nios2-elf/4.1.2/../../../../nios2-elf/lib/mno-hw-mul/libc.a(lib_a-atexit.o)
 .data          0x00818988        0x0 /opt/altera/nios2eds/bin/gnu/H-i686-pc-linux-gnu/bin/../lib/gcc/nios2-elf/4.1.2/../../../../nios2-elf/lib/mno-hw-mul/libc.a(lib_a-memcmp.o)
 .data          0x00818988        0x0 /opt/altera/nios2eds/bin/gnu/H-i686-pc-linux-gnu/bin/../lib/gcc/nios2-elf/4.1.2/../../../../nios2-elf/lib/mno-hw-mul/libc.a(lib_a-__atexit.o)
                0x00820988                _gp = ABSOLUTE ((. + 0x8000))
                0x00820988                PROVIDE (gp, _gp)
 *(.rwdata .rwdata.*)
 *(.sdata .sdata.* .gnu.linkonce.s.*)
 .sdata         0x00818988        0x8 /opt/altera/nios2eds/bin/gnu/H-i686-pc-linux-gnu/bin/../lib/gcc/nios2-elf/4.1.2/../../../../nios2-elf/lib/mno-hw-mul/libc.a(lib_a-impure.o)
                0x00818988                _impure_ptr
                0x0081898c                _global_impure_ptr
 .sdata         0x00818990        0x8 /opt/altera/nios2eds/bin/gnu/H-i686-pc-linux-gnu/bin/../lib/gcc/nios2-elf/4.1.2/../../../../nios2-elf/lib/mno-hw-mul/libc.a(lib_a-locale.o)
                0x00818990                __mb_cur_max
 .sdata         0x00818998        0x8 /opt/altera/nios2eds/bin/gnu/H-i686-pc-linux-gnu/bin/../lib/gcc/nios2-elf/4.1.2/../../../../nios2-elf/lib/mno-hw-mul/libc.a(lib_a-mallocr.o)
                0x00818998                __malloc_trim_threshold
                0x0081899c                __malloc_sbrk_base
 .sdata         0x008189a0       0x14 ../de1_ucosii_tutorial_bsp//libucosii_bsp.a(alt_dev.o)
                0x008189a0                alt_fs_list
                0x008189a8                alt_dev_list
                0x008189b0                alt_max_fd
 .sdata         0x008189b4        0x4 ../de1_ucosii_tutorial_bsp//libucosii_bsp.a(alt_errno.o)
                0x008189b4                alt_errno
 .sdata         0x008189b8        0x4 ../de1_ucosii_tutorial_bsp//libucosii_bsp.a(alt_sbrk.o)
 .sdata         0x008189bc        0x4 ../de1_ucosii_tutorial_bsp//libucosii_bsp.a(alt_env_lock.o)
 .sdata         0x008189c0        0x4 ../de1_ucosii_tutorial_bsp//libucosii_bsp.a(alt_malloc_lock.o)
 .sdata         0x008189c4       0x74 ../de1_ucosii_tutorial_bsp//libucosii_bsp.a(os_dbg.o)
                0x008189c4                OSDebugEn
                0x008189c8                OSEndiannessTest
                0x008189cc                OSEventEn
                0x008189ce                OSEventMax
                0x008189d0                OSEventNameSize
                0x008189d2                OSEventSize
                0x008189d4                OSEventTblSize
                0x008189d6                OSEventMultiEn
                0x008189d8                OSFlagEn
                0x008189da                OSFlagGrpSize
                0x008189dc                OSFlagNodeSize
                0x008189de                OSFlagWidth
                0x008189e0                OSFlagMax
                0x008189e2                OSFlagNameSize
                0x008189e4                OSLowestPrio
                0x008189e6                OSMboxEn
                0x008189e8                OSMemEn
                0x008189ea                OSMemMax
                0x008189ec                OSMemNameSize
                0x008189ee                OSMemSize
                0x008189f0                OSMemTblSize
                0x008189f2                OSMutexEn
                0x008189f4                OSPtrSize
                0x008189f6                OSQEn
                0x008189f8                OSQMax
                0x008189fa                OSQSize
                0x008189fc                OSRdyTblSize
                0x008189fe                OSSemEn
                0x00818a00                OSStkWidth
                0x00818a02                OSTaskCreateEn
                0x00818a04                OSTaskCreateExtEn
                0x00818a06                OSTaskDelEn
                0x00818a08                OSTaskIdleStkSize
                0x00818a0a                OSTaskProfileEn
                0x00818a0c                OSTaskMax
                0x00818a0e                OSTaskNameSize
                0x00818a10                OSTaskStatEn
                0x00818a12                OSTaskStatStkSize
                0x00818a14                OSTaskStatStkChkEn
                0x00818a16                OSTaskSwHookEn
                0x00818a18                OSTCBPrioTblMax
                0x00818a1a                OSTCBSize
                0x00818a1c                OSTicksPerSec
                0x00818a1e                OSTimeTickHookEn
                0x00818a20                OSVersionNbr
                0x00818a22                OSTmrEn
                0x00818a24                OSTmrCfgMax
                0x00818a26                OSTmrCfgNameSize
                0x00818a28                OSTmrCfgWheelSize
                0x00818a2a                OSTmrCfgTicksPerSec
                0x00818a2c                OSTmrSize
                0x00818a2e                OSTmrTblSize
                0x00818a30                OSTmrWheelSize
                0x00818a32                OSTmrWheelTblSize
                0x00818a34                OSDataSize
 .sdata         0x00818a38        0x4 ../de1_ucosii_tutorial_bsp//libucosii_bsp.a(alt_irq_vars.o)
                0x00818a38                alt_priority_mask
 .sdata         0x00818a3c        0x8 ../de1_ucosii_tutorial_bsp//libucosii_bsp.a(alt_tick.o)
                0x00818a3c                alt_alarm_list
 *(.sdata2 .sdata2.* .gnu.linkonce.s2.*)
                0x00818a44                . = ALIGN (0x4)
                0x00818a44                _edata = ABSOLUTE (.)
                0x00818a44                PROVIDE (edata, ABSOLUTE (.))
                0x00818a44                PROVIDE (__ram_rwdata_end, ABSOLUTE (.))
                0x00818a44                PROVIDE (__flash_rwdata_start, LOADADDR (.rwdata))

.bss            0x0081a528     0x758c
                0x0081a528                __bss_start = ABSOLUTE (.)
                0x0081a528                PROVIDE (__sbss_start, ABSOLUTE (.))
                0x0081a528                PROVIDE (___sbss_start, ABSOLUTE (.))
 *(.dynsbss)
 *(.sbss .sbss.* .gnu.linkonce.sb.*)
 .sbss          0x0081a528        0x4 obj/default/producer_consumer.o
                0x0081a528                buffer_sem
 .sbss          0x0081a52c        0xc /opt/altera/nios2eds/bin/gnu/H-i686-pc-linux-gnu/bin/../lib/gcc/nios2-elf/4.1.2/../../../../nios2-elf/lib/mno-hw-mul/libc.a(lib_a-locale.o)
                0x0081a52c                __nlocale_changed
                0x0081a530                __mlocale_changed
                0x0081a534                _PathLocale
 .sbss          0x0081a538        0xc /opt/altera/nios2eds/bin/gnu/H-i686-pc-linux-gnu/bin/../lib/gcc/nios2-elf/4.1.2/../../../../nios2-elf/lib/mno-hw-mul/libc.a(lib_a-mallocr.o)
                0x0081a538                __malloc_top_pad
                0x0081a53c                __malloc_max_sbrked_mem
                0x0081a540                __malloc_max_total_mem
 .sbss          0x0081a544        0x4 /opt/altera/nios2eds/bin/gnu/H-i686-pc-linux-gnu/bin/../lib/gcc/nios2-elf/4.1.2/../../../../nios2-elf/lib/mno-hw-mul/libc.a(lib_a-int_errno.o)
                0x0081a544                errno
 .sbss          0x0081a548        0x4 ../de1_ucosii_tutorial_bsp//libucosii_bsp.a(alt_dev.o)
                0x0081a548                alt_fd_list_lock
 .sbss          0x0081a54c        0xc ../de1_ucosii_tutorial_bsp//libucosii_bsp.a(alt_main.o)
                0x0081a54c                alt_argc
                0x0081a550                alt_argv
                0x0081a554                alt_envp
 .sbss          0x0081a558        0x8 ../de1_ucosii_tutorial_bsp//libucosii_bsp.a(alt_env_lock.o)
                0x0081a55c                alt_envsem
 .sbss          0x0081a560        0x8 ../de1_ucosii_tutorial_bsp//libucosii_bsp.a(alt_malloc_lock.o)
                0x0081a564                alt_heapsem
 .sbss          0x0081a568       0x50 ../de1_ucosii_tutorial_bsp//libucosii_bsp.a(os_core.o)
                0x0081a568                OSLockNesting
                0x0081a569                OSRunning
                0x0081a56c                OSIdleCtr
                0x0081a570                OSPrioHighRdy
                0x0081a571                OSPrioCur
                0x0081a574                OSTCBList
                0x0081a578                OSTickStepState
                0x0081a57c                OSCtxSwCtr
                0x0081a580                OSIdleCtrMax
                0x0081a584                OSTCBFreeList
                0x0081a588                OSCPUUsage
                0x0081a589                OSTaskCtr
                0x0081a58c                OSMemFreeList
                0x0081a590                OSTCBHighRdy
                0x0081a594                OSQFreeList
                0x0081a598                OSRdyGrp
                0x0081a599                OSRdyTbl
                0x0081a59c                OSEventFreeList
                0x0081a5a0                OSIntNesting
                0x0081a5a4                OSTCBCur
                0x0081a5a8                OSTime
                0x0081a5ac                OSFlagFreeList
                0x0081a5b0                OSStatRdy
                0x0081a5b4                OSIdleCtrRun
 .sbss          0x0081a5b8        0x4 ../de1_ucosii_tutorial_bsp//libucosii_bsp.a(alt_irq_vars.o)
                0x0081a5b8                alt_irq_active
 .sbss          0x0081a5bc        0x8 ../de1_ucosii_tutorial_bsp//libucosii_bsp.a(alt_tick.o)
                0x0081a5bc                _alt_tick_rate
                0x0081a5c0                _alt_nticks
 *(.sbss2 .sbss2.* .gnu.linkonce.sb2.*)
 *(.scommon)
                0x0081a5c4                PROVIDE (__sbss_end, ABSOLUTE (.))
                0x0081a5c4                PROVIDE (___sbss_end, ABSOLUTE (.))
 *(.dynbss)
 *(.bss .bss.* .gnu.linkonce.b.*)
 .bss           0x0081a5c4        0x0 ../de1_ucosii_tutorial_bsp//obj/HAL/src/crt0.o
 .bss           0x0081a5c4        0x0 obj/default/alt_ucosii_simple_error_check.o
 .bss           0x0081a5c4        0x0 obj/default/producer_consumer.o
 .bss           0x0081a5c4        0x0 /opt/altera/nios2eds/bin/gnu/H-i686-pc-linux-gnu/bin/../lib/gcc/nios2-elf/4.1.2/mno-hw-mul/libgcc.a(lib2-divmod.o)
 .bss           0x0081a5c4        0x0 /opt/altera/nios2eds/bin/gnu/H-i686-pc-linux-gnu/bin/../lib/gcc/nios2-elf/4.1.2/../../../../nios2-elf/lib/mno-hw-mul/libc.a(lib_a-exit.o)
 .bss           0x0081a5c4        0x0 /opt/altera/nios2eds/bin/gnu/H-i686-pc-linux-gnu/bin/../lib/gcc/nios2-elf/4.1.2/../../../../nios2-elf/lib/mno-hw-mul/libc.a(lib_a-fprintf.o)
 .bss           0x0081a5c4        0x0 /opt/altera/nios2eds/bin/gnu/H-i686-pc-linux-gnu/bin/../lib/gcc/nios2-elf/4.1.2/../../../../nios2-elf/lib/mno-hw-mul/libc.a(lib_a-fwrite.o)
 .bss           0x0081a5c4        0x0 /opt/altera/nios2eds/bin/gnu/H-i686-pc-linux-gnu/bin/../lib/gcc/nios2-elf/4.1.2/../../../../nios2-elf/lib/mno-hw-mul/libc.a(lib_a-impure.o)
 .bss           0x0081a5c4        0x0 /opt/altera/nios2eds/bin/gnu/H-i686-pc-linux-gnu/bin/../lib/gcc/nios2-elf/4.1.2/../../../../nios2-elf/lib/mno-hw-mul/libc.a(lib_a-printf.o)
 .bss           0x0081a5c4        0x0 /opt/altera/nios2eds/bin/gnu/H-i686-pc-linux-gnu/bin/../lib/gcc/nios2-elf/4.1.2/../../../../nios2-elf/lib/mno-hw-mul/libc.a(lib_a-puts.o)
 .bss           0x0081a5c4        0x0 /opt/altera/nios2eds/bin/gnu/H-i686-pc-linux-gnu/bin/../lib/gcc/nios2-elf/4.1.2/../../../../nios2-elf/lib/mno-hw-mul/libc.a(lib_a-strlen.o)
 .bss           0x0081a5c4        0x0 /opt/altera/nios2eds/bin/gnu/H-i686-pc-linux-gnu/bin/../lib/gcc/nios2-elf/4.1.2/../../../../nios2-elf/lib/mno-hw-mul/libc.a(lib_a-vfprintf.o)
 .bss           0x0081a5c4        0x0 /opt/altera/nios2eds/bin/gnu/H-i686-pc-linux-gnu/bin/../lib/gcc/nios2-elf/4.1.2/../../../../nios2-elf/lib/mno-hw-mul/libc.a(lib_a-wsetup.o)
 .bss           0x0081a5c4        0x0 /opt/altera/nios2eds/bin/gnu/H-i686-pc-linux-gnu/bin/../lib/gcc/nios2-elf/4.1.2/../../../../nios2-elf/lib/mno-hw-mul/libc.a(lib_a-__call_atexit.o)
 .bss           0x0081a5c4        0x0 /opt/altera/nios2eds/bin/gnu/H-i686-pc-linux-gnu/bin/../lib/gcc/nios2-elf/4.1.2/../../../../nios2-elf/lib/mno-hw-mul/libc.a(lib_a-dtoa.o)
 .bss           0x0081a5c4        0x0 /opt/altera/nios2eds/bin/gnu/H-i686-pc-linux-gnu/bin/../lib/gcc/nios2-elf/4.1.2/../../../../nios2-elf/lib/mno-hw-mul/libc.a(lib_a-fflush.o)
 .bss           0x0081a5c4        0x0 /opt/altera/nios2eds/bin/gnu/H-i686-pc-linux-gnu/bin/../lib/gcc/nios2-elf/4.1.2/../../../../nios2-elf/lib/mno-hw-mul/libc.a(lib_a-findfp.o)
 .bss           0x0081a5c4        0x0 /opt/altera/nios2eds/bin/gnu/H-i686-pc-linux-gnu/bin/../lib/gcc/nios2-elf/4.1.2/../../../../nios2-elf/lib/mno-hw-mul/libc.a(lib_a-freer.o)
 .bss           0x0081a5c4        0x0 /opt/altera/nios2eds/bin/gnu/H-i686-pc-linux-gnu/bin/../lib/gcc/nios2-elf/4.1.2/../../../../nios2-elf/lib/mno-hw-mul/libc.a(lib_a-fvwrite.o)
 .bss           0x0081a5c4        0x0 /opt/altera/nios2eds/bin/gnu/H-i686-pc-linux-gnu/bin/../lib/gcc/nios2-elf/4.1.2/../../../../nios2-elf/lib/mno-hw-mul/libc.a(lib_a-fwalk.o)
 .bss           0x0081a5c4        0x0 /opt/altera/nios2eds/bin/gnu/H-i686-pc-linux-gnu/bin/../lib/gcc/nios2-elf/4.1.2/../../../../nios2-elf/lib/mno-hw-mul/libc.a(lib_a-locale.o)
 .bss           0x0081a5c4        0x0 /opt/altera/nios2eds/bin/gnu/H-i686-pc-linux-gnu/bin/../lib/gcc/nios2-elf/4.1.2/../../../../nios2-elf/lib/mno-hw-mul/libc.a(lib_a-makebuf.o)
 .bss           0x0081a5c4       0x28 /opt/altera/nios2eds/bin/gnu/H-i686-pc-linux-gnu/bin/../lib/gcc/nios2-elf/4.1.2/../../../../nios2-elf/lib/mno-hw-mul/libc.a(lib_a-mallocr.o)
                0x0081a5c4                __malloc_current_mallinfo
 .bss           0x0081a5ec        0x0 /opt/altera/nios2eds/bin/gnu/H-i686-pc-linux-gnu/bin/../lib/gcc/nios2-elf/4.1.2/../../../../nios2-elf/lib/mno-hw-mul/libc.a(lib_a-memchr.o)
 .bss           0x0081a5ec        0x0 /opt/altera/nios2eds/bin/gnu/H-i686-pc-linux-gnu/bin/../lib/gcc/nios2-elf/4.1.2/../../../../nios2-elf/lib/mno-hw-mul/libc.a(lib_a-memcpy.o)
 .bss           0x0081a5ec        0x0 /opt/altera/nios2eds/bin/gnu/H-i686-pc-linux-gnu/bin/../lib/gcc/nios2-elf/4.1.2/../../../../nios2-elf/lib/mno-hw-mul/libc.a(lib_a-memmove.o)
 .bss           0x0081a5ec        0x0 /opt/altera/nios2eds/bin/gnu/H-i686-pc-linux-gnu/bin/../lib/gcc/nios2-elf/4.1.2/../../../../nios2-elf/lib/mno-hw-mul/libc.a(lib_a-memset.o)
 .bss           0x0081a5ec        0x0 /opt/altera/nios2eds/bin/gnu/H-i686-pc-linux-gnu/bin/../lib/gcc/nios2-elf/4.1.2/../../../../nios2-elf/lib/mno-hw-mul/libc.a(lib_a-mprec.o)
 .bss           0x0081a5ec        0x0 /opt/altera/nios2eds/bin/gnu/H-i686-pc-linux-gnu/bin/../lib/gcc/nios2-elf/4.1.2/../../../../nios2-elf/lib/mno-hw-mul/libc.a(lib_a-reallocr.o)
 .bss           0x0081a5ec        0x0 /opt/altera/nios2eds/bin/gnu/H-i686-pc-linux-gnu/bin/../lib/gcc/nios2-elf/4.1.2/../../../../nios2-elf/lib/mno-hw-mul/libc.a(lib_a-s_isinfd.o)
 .bss           0x0081a5ec        0x0 /opt/altera/nios2eds/bin/gnu/H-i686-pc-linux-gnu/bin/../lib/gcc/nios2-elf/4.1.2/../../../../nios2-elf/lib/mno-hw-mul/libc.a(lib_a-s_isnand.o)
 .bss           0x0081a5ec        0x0 /opt/altera/nios2eds/bin/gnu/H-i686-pc-linux-gnu/bin/../lib/gcc/nios2-elf/4.1.2/../../../../nios2-elf/lib/mno-hw-mul/libc.a(lib_a-sbrkr.o)
 .bss           0x0081a5ec        0x0 /opt/altera/nios2eds/bin/gnu/H-i686-pc-linux-gnu/bin/../lib/gcc/nios2-elf/4.1.2/../../../../nios2-elf/lib/mno-hw-mul/libc.a(lib_a-stdio.o)
 .bss           0x0081a5ec        0x0 /opt/altera/nios2eds/bin/gnu/H-i686-pc-linux-gnu/bin/../lib/gcc/nios2-elf/4.1.2/../../../../nios2-elf/lib/mno-hw-mul/libc.a(lib_a-strcmp.o)
 .bss           0x0081a5ec        0x0 /opt/altera/nios2eds/bin/gnu/H-i686-pc-linux-gnu/bin/../lib/gcc/nios2-elf/4.1.2/../../../../nios2-elf/lib/mno-hw-mul/libc.a(lib_a-writer.o)
 .bss           0x0081a5ec        0x0 /opt/altera/nios2eds/bin/gnu/H-i686-pc-linux-gnu/bin/../lib/gcc/nios2-elf/4.1.2/../../../../nios2-elf/lib/mno-hw-mul/libc.a(lib_a-callocr.o)
 .bss           0x0081a5ec        0x0 /opt/altera/nios2eds/bin/gnu/H-i686-pc-linux-gnu/bin/../lib/gcc/nios2-elf/4.1.2/../../../../nios2-elf/lib/mno-hw-mul/libc.a(lib_a-closer.o)
 .bss           0x0081a5ec        0x0 /opt/altera/nios2eds/bin/gnu/H-i686-pc-linux-gnu/bin/../lib/gcc/nios2-elf/4.1.2/../../../../nios2-elf/lib/mno-hw-mul/libc.a(lib_a-fclose.o)
 .bss           0x0081a5ec        0x0 /opt/altera/nios2eds/bin/gnu/H-i686-pc-linux-gnu/bin/../lib/gcc/nios2-elf/4.1.2/../../../../nios2-elf/lib/mno-hw-mul/libc.a(lib_a-fstatr.o)
 .bss           0x0081a5ec        0x0 /opt/altera/nios2eds/bin/gnu/H-i686-pc-linux-gnu/bin/../lib/gcc/nios2-elf/4.1.2/../../../../nios2-elf/lib/mno-hw-mul/libc.a(lib_a-int_errno.o)
 .bss           0x0081a5ec        0x0 /opt/altera/nios2eds/bin/gnu/H-i686-pc-linux-gnu/bin/../lib/gcc/nios2-elf/4.1.2/../../../../nios2-elf/lib/mno-hw-mul/libc.a(lib_a-isattyr.o)
 .bss           0x0081a5ec        0x0 /opt/altera/nios2eds/bin/gnu/H-i686-pc-linux-gnu/bin/../lib/gcc/nios2-elf/4.1.2/../../../../nios2-elf/lib/mno-hw-mul/libc.a(lib_a-lseekr.o)
 .bss           0x0081a5ec        0x0 /opt/altera/nios2eds/bin/gnu/H-i686-pc-linux-gnu/bin/../lib/gcc/nios2-elf/4.1.2/../../../../nios2-elf/lib/mno-hw-mul/libc.a(lib_a-readr.o)
 .bss           0x0081a5ec        0x0 /opt/altera/nios2eds/bin/gnu/H-i686-pc-linux-gnu/bin/../lib/gcc/nios2-elf/4.1.2/mno-hw-mul/libgcc.a(_udivdi3.o)
 .bss           0x0081a5ec        0x0 /opt/altera/nios2eds/bin/gnu/H-i686-pc-linux-gnu/bin/../lib/gcc/nios2-elf/4.1.2/mno-hw-mul/libgcc.a(_umoddi3.o)
 .bss           0x0081a5ec        0x0 /opt/altera/nios2eds/bin/gnu/H-i686-pc-linux-gnu/bin/../lib/gcc/nios2-elf/4.1.2/mno-hw-mul/libgcc.a(_addsub_df.o)
 .bss           0x0081a5ec        0x0 /opt/altera/nios2eds/bin/gnu/H-i686-pc-linux-gnu/bin/../lib/gcc/nios2-elf/4.1.2/mno-hw-mul/libgcc.a(_mul_df.o)
 .bss           0x0081a5ec        0x0 /opt/altera/nios2eds/bin/gnu/H-i686-pc-linux-gnu/bin/../lib/gcc/nios2-elf/4.1.2/mno-hw-mul/libgcc.a(_div_df.o)
 .bss           0x0081a5ec        0x0 /opt/altera/nios2eds/bin/gnu/H-i686-pc-linux-gnu/bin/../lib/gcc/nios2-elf/4.1.2/mno-hw-mul/libgcc.a(_eq_df.o)
 .bss           0x0081a5ec        0x0 /opt/altera/nios2eds/bin/gnu/H-i686-pc-linux-gnu/bin/../lib/gcc/nios2-elf/4.1.2/mno-hw-mul/libgcc.a(_ne_df.o)
 .bss           0x0081a5ec        0x0 /opt/altera/nios2eds/bin/gnu/H-i686-pc-linux-gnu/bin/../lib/gcc/nios2-elf/4.1.2/mno-hw-mul/libgcc.a(_gt_df.o)
 .bss           0x0081a5ec        0x0 /opt/altera/nios2eds/bin/gnu/H-i686-pc-linux-gnu/bin/../lib/gcc/nios2-elf/4.1.2/mno-hw-mul/libgcc.a(_ge_df.o)
 .bss           0x0081a5ec        0x0 /opt/altera/nios2eds/bin/gnu/H-i686-pc-linux-gnu/bin/../lib/gcc/nios2-elf/4.1.2/mno-hw-mul/libgcc.a(_lt_df.o)
 .bss           0x0081a5ec        0x0 /opt/altera/nios2eds/bin/gnu/H-i686-pc-linux-gnu/bin/../lib/gcc/nios2-elf/4.1.2/mno-hw-mul/libgcc.a(_si_to_df.o)
 .bss           0x0081a5ec        0x0 /opt/altera/nios2eds/bin/gnu/H-i686-pc-linux-gnu/bin/../lib/gcc/nios2-elf/4.1.2/mno-hw-mul/libgcc.a(_df_to_si.o)
 .bss           0x0081a5ec        0x0 /opt/altera/nios2eds/bin/gnu/H-i686-pc-linux-gnu/bin/../lib/gcc/nios2-elf/4.1.2/mno-hw-mul/libgcc.a(_thenan_df.o)
 .bss           0x0081a5ec        0x0 /opt/altera/nios2eds/bin/gnu/H-i686-pc-linux-gnu/bin/../lib/gcc/nios2-elf/4.1.2/mno-hw-mul/libgcc.a(_usi_to_df.o)
 .bss           0x0081a5ec        0x0 /opt/altera/nios2eds/bin/gnu/H-i686-pc-linux-gnu/bin/../lib/gcc/nios2-elf/4.1.2/mno-hw-mul/libgcc.a(lib2-mul.o)
 .bss           0x0081a5ec        0x0 /opt/altera/nios2eds/bin/gnu/H-i686-pc-linux-gnu/bin/../lib/gcc/nios2-elf/4.1.2/mno-hw-mul/libgcc.a(_muldi3.o)
 .bss           0x0081a5ec        0x0 /opt/altera/nios2eds/bin/gnu/H-i686-pc-linux-gnu/bin/../lib/gcc/nios2-elf/4.1.2/mno-hw-mul/libgcc.a(_clz.o)
 .bss           0x0081a5ec        0x0 /opt/altera/nios2eds/bin/gnu/H-i686-pc-linux-gnu/bin/../lib/gcc/nios2-elf/4.1.2/mno-hw-mul/libgcc.a(_clzsi2.o)
 .bss           0x0081a5ec        0x0 /opt/altera/nios2eds/bin/gnu/H-i686-pc-linux-gnu/bin/../lib/gcc/nios2-elf/4.1.2/mno-hw-mul/libgcc.a(_pack_df.o)
 .bss           0x0081a5ec        0x0 /opt/altera/nios2eds/bin/gnu/H-i686-pc-linux-gnu/bin/../lib/gcc/nios2-elf/4.1.2/mno-hw-mul/libgcc.a(_unpack_df.o)
 .bss           0x0081a5ec        0x0 /opt/altera/nios2eds/bin/gnu/H-i686-pc-linux-gnu/bin/../lib/gcc/nios2-elf/4.1.2/mno-hw-mul/libgcc.a(_fpcmp_parts_df.o)
 .bss           0x0081a5ec        0x0 ../de1_ucosii_tutorial_bsp//libucosii_bsp.a(alt_close.o)
 .bss           0x0081a5ec        0x0 ../de1_ucosii_tutorial_bsp//libucosii_bsp.a(alt_dev.o)
 .bss           0x0081a5ec        0x0 ../de1_ucosii_tutorial_bsp//libucosii_bsp.a(alt_errno.o)
 .bss           0x0081a5ec        0x0 ../de1_ucosii_tutorial_bsp//libucosii_bsp.a(alt_exit.o)
 .bss           0x0081a5ec        0x0 ../de1_ucosii_tutorial_bsp//libucosii_bsp.a(alt_fstat.o)
 .bss           0x0081a5ec        0x0 ../de1_ucosii_tutorial_bsp//libucosii_bsp.a(alt_isatty.o)
 .bss           0x0081a5ec        0x0 ../de1_ucosii_tutorial_bsp//libucosii_bsp.a(alt_load.o)
 .bss           0x0081a5ec        0x0 ../de1_ucosii_tutorial_bsp//libucosii_bsp.a(alt_lseek.o)
 .bss           0x0081a5ec        0x0 ../de1_ucosii_tutorial_bsp//libucosii_bsp.a(alt_main.o)
 .bss           0x0081a5ec        0x0 ../de1_ucosii_tutorial_bsp//libucosii_bsp.a(alt_read.o)
 .bss           0x0081a5ec        0x0 ../de1_ucosii_tutorial_bsp//libucosii_bsp.a(alt_release_fd.o)
 .bss           0x0081a5ec        0x0 ../de1_ucosii_tutorial_bsp//libucosii_bsp.a(alt_sbrk.o)
 .bss           0x0081a5ec        0x0 ../de1_ucosii_tutorial_bsp//libucosii_bsp.a(alt_write.o)
 .bss           0x0081a5ec        0x0 ../de1_ucosii_tutorial_bsp//libucosii_bsp.a(alt_env_lock.o)
 .bss           0x0081a5ec        0x0 ../de1_ucosii_tutorial_bsp//libucosii_bsp.a(alt_malloc_lock.o)
 .bss           0x0081a5ec        0x0 ../de1_ucosii_tutorial_bsp//libucosii_bsp.a(os_core.o)
 .bss           0x0081a5ec        0x0 ../de1_ucosii_tutorial_bsp//libucosii_bsp.a(os_dbg.o)
 .bss           0x0081a5ec        0x0 ../de1_ucosii_tutorial_bsp//libucosii_bsp.a(os_flag.o)
 .bss           0x0081a5ec        0x0 ../de1_ucosii_tutorial_bsp//libucosii_bsp.a(os_mem.o)
 .bss           0x0081a5ec        0x0 ../de1_ucosii_tutorial_bsp//libucosii_bsp.a(os_q.o)
 .bss           0x0081a5ec        0x0 ../de1_ucosii_tutorial_bsp//libucosii_bsp.a(os_sem.o)
 .bss           0x0081a5ec        0x0 ../de1_ucosii_tutorial_bsp//libucosii_bsp.a(os_task.o)
 .bss           0x0081a5ec        0x0 ../de1_ucosii_tutorial_bsp//libucosii_bsp.a(os_time.o)
 .bss           0x0081a5ec        0x0 ../de1_ucosii_tutorial_bsp//libucosii_bsp.a(alt_sys_init.o)
 .bss           0x0081a5ec        0x0 ../de1_ucosii_tutorial_bsp//libucosii_bsp.a(altera_avalon_jtag_uart_fd.o)
 .bss           0x0081a5ec        0x0 ../de1_ucosii_tutorial_bsp//libucosii_bsp.a(altera_avalon_jtag_uart_init.o)
 .bss           0x0081a5ec        0x0 ../de1_ucosii_tutorial_bsp//libucosii_bsp.a(altera_avalon_jtag_uart_ioctl.o)
 .bss           0x0081a5ec        0x0 ../de1_ucosii_tutorial_bsp//libucosii_bsp.a(altera_avalon_jtag_uart_read.o)
 .bss           0x0081a5ec        0x0 ../de1_ucosii_tutorial_bsp//libucosii_bsp.a(altera_avalon_jtag_uart_write.o)
 .bss           0x0081a5ec        0x0 ../de1_ucosii_tutorial_bsp//libucosii_bsp.a(altera_avalon_timer_sc.o)
 .bss           0x0081a5ec        0x0 ../de1_ucosii_tutorial_bsp//libucosii_bsp.a(alt_alarm_start.o)
 .bss           0x0081a5ec        0x0 ../de1_ucosii_tutorial_bsp//libucosii_bsp.a(alt_dcache_flush_all.o)
 .bss           0x0081a5ec        0x0 ../de1_ucosii_tutorial_bsp//libucosii_bsp.a(alt_dev_llist_insert.o)
 .bss           0x0081a5ec        0x0 ../de1_ucosii_tutorial_bsp//libucosii_bsp.a(alt_do_ctors.o)
 .bss           0x0081a5ec        0x0 ../de1_ucosii_tutorial_bsp//libucosii_bsp.a(alt_do_dtors.o)
 .bss           0x0081a5ec        0x0 ../de1_ucosii_tutorial_bsp//libucosii_bsp.a(alt_icache_flush_all.o)
 .bss           0x0081a5ec        0x0 ../de1_ucosii_tutorial_bsp//libucosii_bsp.a(alt_iic.o)
 .bss           0x0081a5ec        0x0 ../de1_ucosii_tutorial_bsp//libucosii_bsp.a(alt_iic_isr_register.o)
 .bss           0x0081a5ec        0x0 ../de1_ucosii_tutorial_bsp//libucosii_bsp.a(alt_io_redirect.o)
 .bss           0x0081a5ec        0x0 ../de1_ucosii_tutorial_bsp//libucosii_bsp.a(alt_irq_entry.o)
 .bss           0x0081a5ec        0x0 ../de1_ucosii_tutorial_bsp//libucosii_bsp.a(alt_irq_handler.o)
 .bss           0x0081a5ec        0x0 ../de1_ucosii_tutorial_bsp//libucosii_bsp.a(alt_irq_vars.o)
 .bss           0x0081a5ec        0x0 ../de1_ucosii_tutorial_bsp//libucosii_bsp.a(alt_open.o)
 .bss           0x0081a5ec        0x0 ../de1_ucosii_tutorial_bsp//libucosii_bsp.a(alt_tick.o)
 .bss           0x0081a5ec        0x0 ../de1_ucosii_tutorial_bsp//libucosii_bsp.a(altera_nios2_qsys_irq.o)
 .bss           0x0081a5ec        0x0 ../de1_ucosii_tutorial_bsp//libucosii_bsp.a(os_cpu_a.o)
 .bss           0x0081a5ec        0x0 ../de1_ucosii_tutorial_bsp//libucosii_bsp.a(os_cpu_c.o)
 .bss           0x0081a5ec        0x0 ../de1_ucosii_tutorial_bsp//libucosii_bsp.a(alt_exception_entry.o)
 .bss           0x0081a5ec        0x0 ../de1_ucosii_tutorial_bsp//libucosii_bsp.a(alt_find_dev.o)
 .bss           0x0081a5ec        0x0 ../de1_ucosii_tutorial_bsp//libucosii_bsp.a(alt_find_file.o)
 .bss           0x0081a5ec        0x0 ../de1_ucosii_tutorial_bsp//libucosii_bsp.a(alt_get_fd.o)
 .bss           0x0081a5ec        0x0 /opt/altera/nios2eds/bin/gnu/H-i686-pc-linux-gnu/bin/../lib/gcc/nios2-elf/4.1.2/../../../../nios2-elf/lib/mno-hw-mul/libc.a(lib_a-atexit.o)
 .bss           0x0081a5ec        0x0 /opt/altera/nios2eds/bin/gnu/H-i686-pc-linux-gnu/bin/../lib/gcc/nios2-elf/4.1.2/../../../../nios2-elf/lib/mno-hw-mul/libc.a(lib_a-memcmp.o)
 .bss           0x0081a5ec        0x0 /opt/altera/nios2eds/bin/gnu/H-i686-pc-linux-gnu/bin/../lib/gcc/nios2-elf/4.1.2/../../../../nios2-elf/lib/mno-hw-mul/libc.a(lib_a-__atexit.o)
 *(COMMON)
 COMMON         0x0081a5ec     0x4014 obj/default/producer_consumer.o
                0x0081a5ec                producer_stk
                0x0081c5ec                consumer_stk
                0x0081e5ec                ringBuffer
 COMMON         0x0081e600     0x3224 ../de1_ucosii_tutorial_bsp//libucosii_bsp.a(os_core.o)
                0x0081e600                OSFlagTbl
                0x0081e970                OSMemTbl
                0x0081f5a0                OSTaskStatStk
                0x0081fda0                OSQTbl
                0x0081ff80                OSTaskIdleStk
                0x00820780                OSEventTbl
                0x008212c0                OSTCBTbl
                0x008217d0                OSTCBPrioTbl
 COMMON         0x00821824      0x100 ../de1_ucosii_tutorial_bsp//libucosii_bsp.a(alt_irq_handler.o)
                0x00821824                alt_irq
 COMMON         0x00821924      0x190 /opt/altera/nios2eds/bin/gnu/H-i686-pc-linux-gnu/bin/../lib/gcc/nios2-elf/4.1.2/../../../../nios2-elf/lib/mno-hw-mul/libc.a(lib_a-atexit.o)
                0x00821924                _atexit0
                0x00821ab4                . = ALIGN (0x4)
                0x00821ab4                __bss_end = ABSOLUTE (.)

.sdram_0        0x00821ab4        0x0
                0x00821ab4                PROVIDE (_alt_partition_sdram_0_start, ABSOLUTE (.))
 *(.sdram_0. sdram_0.*)
                0x00821ab4                . = ALIGN (0x4)
                0x00821ab4                PROVIDE (_alt_partition_sdram_0_end, ABSOLUTE (.))
                0x00821ab4                _end = ABSOLUTE (.)
                0x00821ab4                end = ABSOLUTE (.)
                0x00821ab4                __alt_stack_base = ABSOLUTE (.)
                0x00821ab4                PROVIDE (_alt_partition_sdram_0_load_addr, LOADADDR (.sdram_0))

.onchip_memory2_0
                0x01001000        0x0 load address 0x00821ab4
                0x01001000                PROVIDE (_alt_partition_onchip_memory2_0_start, ABSOLUTE (.))
 *(.onchip_memory2_0. onchip_memory2_0.*)
                0x01001000                . = ALIGN (0x4)
                0x01001000                PROVIDE (_alt_partition_onchip_memory2_0_end, ABSOLUTE (.))
                0x00821ab4                PROVIDE (_alt_partition_onchip_memory2_0_load_addr, LOADADDR (.onchip_memory2_0))

.stab
 *(.stab)

.stabstr
 *(.stabstr)

.stab.excl
 *(.stab.excl)

.stab.exclstr
 *(.stab.exclstr)

.stab.index
 *(.stab.index)

.stab.indexstr
 *(.stab.indexstr)

.comment        0x00000000       0x23
 *(.comment)
 .comment       0x00000000       0x23 obj/default/alt_ucosii_simple_error_check.o
                                 0x24 (size before relaxing)
 .comment       0x00000000       0x24 obj/default/producer_consumer.o
 .comment       0x00000000       0x24 /opt/altera/nios2eds/bin/gnu/H-i686-pc-linux-gnu/bin/../lib/gcc/nios2-elf/4.1.2/mno-hw-mul/libgcc.a(lib2-divmod.o)
 .comment       0x00000000       0x24 /opt/altera/nios2eds/bin/gnu/H-i686-pc-linux-gnu/bin/../lib/gcc/nios2-elf/4.1.2/../../../../nios2-elf/lib/mno-hw-mul/libc.a(lib_a-exit.o)
 .comment       0x00000000       0x24 /opt/altera/nios2eds/bin/gnu/H-i686-pc-linux-gnu/bin/../lib/gcc/nios2-elf/4.1.2/../../../../nios2-elf/lib/mno-hw-mul/libc.a(lib_a-fprintf.o)
 .comment       0x00000000       0x24 /opt/altera/nios2eds/bin/gnu/H-i686-pc-linux-gnu/bin/../lib/gcc/nios2-elf/4.1.2/../../../../nios2-elf/lib/mno-hw-mul/libc.a(lib_a-fwrite.o)
 .comment       0x00000000       0x24 /opt/altera/nios2eds/bin/gnu/H-i686-pc-linux-gnu/bin/../lib/gcc/nios2-elf/4.1.2/../../../../nios2-elf/lib/mno-hw-mul/libc.a(lib_a-impure.o)
 .comment       0x00000000       0x24 /opt/altera/nios2eds/bin/gnu/H-i686-pc-linux-gnu/bin/../lib/gcc/nios2-elf/4.1.2/../../../../nios2-elf/lib/mno-hw-mul/libc.a(lib_a-printf.o)
 .comment       0x00000000       0x24 /opt/altera/nios2eds/bin/gnu/H-i686-pc-linux-gnu/bin/../lib/gcc/nios2-elf/4.1.2/../../../../nios2-elf/lib/mno-hw-mul/libc.a(lib_a-puts.o)
 .comment       0x00000000       0x24 /opt/altera/nios2eds/bin/gnu/H-i686-pc-linux-gnu/bin/../lib/gcc/nios2-elf/4.1.2/../../../../nios2-elf/lib/mno-hw-mul/libc.a(lib_a-strlen.o)
 .comment       0x00000000       0x24 /opt/altera/nios2eds/bin/gnu/H-i686-pc-linux-gnu/bin/../lib/gcc/nios2-elf/4.1.2/../../../../nios2-elf/lib/mno-hw-mul/libc.a(lib_a-vfprintf.o)
 .comment       0x00000000       0x24 /opt/altera/nios2eds/bin/gnu/H-i686-pc-linux-gnu/bin/../lib/gcc/nios2-elf/4.1.2/../../../../nios2-elf/lib/mno-hw-mul/libc.a(lib_a-wsetup.o)
 .comment       0x00000000       0x24 /opt/altera/nios2eds/bin/gnu/H-i686-pc-linux-gnu/bin/../lib/gcc/nios2-elf/4.1.2/../../../../nios2-elf/lib/mno-hw-mul/libc.a(lib_a-__call_atexit.o)
 .comment       0x00000000       0x24 /opt/altera/nios2eds/bin/gnu/H-i686-pc-linux-gnu/bin/../lib/gcc/nios2-elf/4.1.2/../../../../nios2-elf/lib/mno-hw-mul/libc.a(lib_a-dtoa.o)
 .comment       0x00000000       0x24 /opt/altera/nios2eds/bin/gnu/H-i686-pc-linux-gnu/bin/../lib/gcc/nios2-elf/4.1.2/../../../../nios2-elf/lib/mno-hw-mul/libc.a(lib_a-fflush.o)
 .comment       0x00000000       0x24 /opt/altera/nios2eds/bin/gnu/H-i686-pc-linux-gnu/bin/../lib/gcc/nios2-elf/4.1.2/../../../../nios2-elf/lib/mno-hw-mul/libc.a(lib_a-findfp.o)
 .comment       0x00000000       0x24 /opt/altera/nios2eds/bin/gnu/H-i686-pc-linux-gnu/bin/../lib/gcc/nios2-elf/4.1.2/../../../../nios2-elf/lib/mno-hw-mul/libc.a(lib_a-freer.o)
 .comment       0x00000000       0x24 /opt/altera/nios2eds/bin/gnu/H-i686-pc-linux-gnu/bin/../lib/gcc/nios2-elf/4.1.2/../../../../nios2-elf/lib/mno-hw-mul/libc.a(lib_a-fvwrite.o)
 .comment       0x00000000       0x24 /opt/altera/nios2eds/bin/gnu/H-i686-pc-linux-gnu/bin/../lib/gcc/nios2-elf/4.1.2/../../../../nios2-elf/lib/mno-hw-mul/libc.a(lib_a-fwalk.o)
 .comment       0x00000000       0x24 /opt/altera/nios2eds/bin/gnu/H-i686-pc-linux-gnu/bin/../lib/gcc/nios2-elf/4.1.2/../../../../nios2-elf/lib/mno-hw-mul/libc.a(lib_a-locale.o)
 .comment       0x00000000       0x24 /opt/altera/nios2eds/bin/gnu/H-i686-pc-linux-gnu/bin/../lib/gcc/nios2-elf/4.1.2/../../../../nios2-elf/lib/mno-hw-mul/libc.a(lib_a-makebuf.o)
 .comment       0x00000000       0x24 /opt/altera/nios2eds/bin/gnu/H-i686-pc-linux-gnu/bin/../lib/gcc/nios2-elf/4.1.2/../../../../nios2-elf/lib/mno-hw-mul/libc.a(lib_a-mallocr.o)
 .comment       0x00000000       0x24 /opt/altera/nios2eds/bin/gnu/H-i686-pc-linux-gnu/bin/../lib/gcc/nios2-elf/4.1.2/../../../../nios2-elf/lib/mno-hw-mul/libc.a(lib_a-memchr.o)
 .comment       0x00000000       0x24 /opt/altera/nios2eds/bin/gnu/H-i686-pc-linux-gnu/bin/../lib/gcc/nios2-elf/4.1.2/../../../../nios2-elf/lib/mno-hw-mul/libc.a(lib_a-memcpy.o)
 .comment       0x00000000       0x24 /opt/altera/nios2eds/bin/gnu/H-i686-pc-linux-gnu/bin/../lib/gcc/nios2-elf/4.1.2/../../../../nios2-elf/lib/mno-hw-mul/libc.a(lib_a-memmove.o)
 .comment       0x00000000       0x24 /opt/altera/nios2eds/bin/gnu/H-i686-pc-linux-gnu/bin/../lib/gcc/nios2-elf/4.1.2/../../../../nios2-elf/lib/mno-hw-mul/libc.a(lib_a-memset.o)
 .comment       0x00000000       0x24 /opt/altera/nios2eds/bin/gnu/H-i686-pc-linux-gnu/bin/../lib/gcc/nios2-elf/4.1.2/../../../../nios2-elf/lib/mno-hw-mul/libc.a(lib_a-mprec.o)
 .comment       0x00000000       0x24 /opt/altera/nios2eds/bin/gnu/H-i686-pc-linux-gnu/bin/../lib/gcc/nios2-elf/4.1.2/../../../../nios2-elf/lib/mno-hw-mul/libc.a(lib_a-reallocr.o)
 .comment       0x00000000       0x24 /opt/altera/nios2eds/bin/gnu/H-i686-pc-linux-gnu/bin/../lib/gcc/nios2-elf/4.1.2/../../../../nios2-elf/lib/mno-hw-mul/libc.a(lib_a-s_isinfd.o)
 .comment       0x00000000       0x24 /opt/altera/nios2eds/bin/gnu/H-i686-pc-linux-gnu/bin/../lib/gcc/nios2-elf/4.1.2/../../../../nios2-elf/lib/mno-hw-mul/libc.a(lib_a-s_isnand.o)
 .comment       0x00000000       0x24 /opt/altera/nios2eds/bin/gnu/H-i686-pc-linux-gnu/bin/../lib/gcc/nios2-elf/4.1.2/../../../../nios2-elf/lib/mno-hw-mul/libc.a(lib_a-sbrkr.o)
 .comment       0x00000000       0x24 /opt/altera/nios2eds/bin/gnu/H-i686-pc-linux-gnu/bin/../lib/gcc/nios2-elf/4.1.2/../../../../nios2-elf/lib/mno-hw-mul/libc.a(lib_a-stdio.o)
 .comment       0x00000000       0x24 /opt/altera/nios2eds/bin/gnu/H-i686-pc-linux-gnu/bin/../lib/gcc/nios2-elf/4.1.2/../../../../nios2-elf/lib/mno-hw-mul/libc.a(lib_a-strcmp.o)
 .comment       0x00000000       0x24 /opt/altera/nios2eds/bin/gnu/H-i686-pc-linux-gnu/bin/../lib/gcc/nios2-elf/4.1.2/../../../../nios2-elf/lib/mno-hw-mul/libc.a(lib_a-writer.o)
 .comment       0x00000000       0x24 /opt/altera/nios2eds/bin/gnu/H-i686-pc-linux-gnu/bin/../lib/gcc/nios2-elf/4.1.2/../../../../nios2-elf/lib/mno-hw-mul/libc.a(lib_a-callocr.o)
 .comment       0x00000000       0x24 /opt/altera/nios2eds/bin/gnu/H-i686-pc-linux-gnu/bin/../lib/gcc/nios2-elf/4.1.2/../../../../nios2-elf/lib/mno-hw-mul/libc.a(lib_a-closer.o)
 .comment       0x00000000       0x24 /opt/altera/nios2eds/bin/gnu/H-i686-pc-linux-gnu/bin/../lib/gcc/nios2-elf/4.1.2/../../../../nios2-elf/lib/mno-hw-mul/libc.a(lib_a-fclose.o)
 .comment       0x00000000       0x24 /opt/altera/nios2eds/bin/gnu/H-i686-pc-linux-gnu/bin/../lib/gcc/nios2-elf/4.1.2/../../../../nios2-elf/lib/mno-hw-mul/libc.a(lib_a-fstatr.o)
 .comment       0x00000000       0x24 /opt/altera/nios2eds/bin/gnu/H-i686-pc-linux-gnu/bin/../lib/gcc/nios2-elf/4.1.2/../../../../nios2-elf/lib/mno-hw-mul/libc.a(lib_a-int_errno.o)
 .comment       0x00000000       0x24 /opt/altera/nios2eds/bin/gnu/H-i686-pc-linux-gnu/bin/../lib/gcc/nios2-elf/4.1.2/../../../../nios2-elf/lib/mno-hw-mul/libc.a(lib_a-isattyr.o)
 .comment       0x00000000       0x24 /opt/altera/nios2eds/bin/gnu/H-i686-pc-linux-gnu/bin/../lib/gcc/nios2-elf/4.1.2/../../../../nios2-elf/lib/mno-hw-mul/libc.a(lib_a-lseekr.o)
 .comment       0x00000000       0x24 /opt/altera/nios2eds/bin/gnu/H-i686-pc-linux-gnu/bin/../lib/gcc/nios2-elf/4.1.2/../../../../nios2-elf/lib/mno-hw-mul/libc.a(lib_a-readr.o)
 .comment       0x00000000       0x24 /opt/altera/nios2eds/bin/gnu/H-i686-pc-linux-gnu/bin/../lib/gcc/nios2-elf/4.1.2/mno-hw-mul/libgcc.a(_udivdi3.o)
 .comment       0x00000000       0x24 /opt/altera/nios2eds/bin/gnu/H-i686-pc-linux-gnu/bin/../lib/gcc/nios2-elf/4.1.2/mno-hw-mul/libgcc.a(_umoddi3.o)
 .comment       0x00000000       0x24 /opt/altera/nios2eds/bin/gnu/H-i686-pc-linux-gnu/bin/../lib/gcc/nios2-elf/4.1.2/mno-hw-mul/libgcc.a(_addsub_df.o)
 .comment       0x00000000       0x24 /opt/altera/nios2eds/bin/gnu/H-i686-pc-linux-gnu/bin/../lib/gcc/nios2-elf/4.1.2/mno-hw-mul/libgcc.a(_mul_df.o)
 .comment       0x00000000       0x24 /opt/altera/nios2eds/bin/gnu/H-i686-pc-linux-gnu/bin/../lib/gcc/nios2-elf/4.1.2/mno-hw-mul/libgcc.a(_div_df.o)
 .comment       0x00000000       0x24 /opt/altera/nios2eds/bin/gnu/H-i686-pc-linux-gnu/bin/../lib/gcc/nios2-elf/4.1.2/mno-hw-mul/libgcc.a(_eq_df.o)
 .comment       0x00000000       0x24 /opt/altera/nios2eds/bin/gnu/H-i686-pc-linux-gnu/bin/../lib/gcc/nios2-elf/4.1.2/mno-hw-mul/libgcc.a(_ne_df.o)